  gates for target phi=0.300:  max_void_ratio 1.22   local_density_cv 0.310   asymmetry 22%
Gravity-style packing: 2.000 x 2.000 mm, target phi=0.3, mean r=50.0 um, sigma_ln=0.5, periodic=xy
  attempt 1/128 (seed 204)
    budget bracket: phi(0.00)=0.5871  phi(1.57)=0.2873  want ~0.3300
    roll=1.074  skeleton phi=0.3324  +12 fillers -> phi=0.2999  void=1.37  cv=0.271  asym=8%
    rejected: largest void 1.37 mean-radii > 1.22; y-seam contact density 0.31 of interior < 0.76
  attempt 2/128 (seed 1204)
    budget bracket: phi(0.00)=0.5849  phi(1.57)=0.2631  want ~0.3300
    roll=0.982  skeleton phi=0.3241  +9 fillers -> phi=0.3000  void=1.35  cv=0.259  asym=3%
    rejected: largest void 1.35 mean-radii > 1.22
  attempt 3/128 (seed 2204)
    budget bracket: phi(0.00)=0.5922  phi(1.57)=0.2795  want ~0.3300
    roll=1.233  skeleton phi=0.3321  +17 fillers -> phi=0.2998  void=1.22  cv=0.274  asym=1%
    rejected: largest void 1.22 mean-radii > 1.22; y-seam contact density 0.59 of interior < 0.76
  attempt 4/128 (seed 3204)
    budget bracket: phi(0.00)=0.5940  phi(1.57)=0.2944  want ~0.3300
    roll=1.178  skeleton phi=0.3323  +13 fillers -> phi=0.3003  void=1.39  cv=0.265  asym=8%
    rejected: largest void 1.39 mean-radii > 1.22; y-seam contact density 0.59 of interior < 0.76
  attempt 5/128 (seed 4204)
    budget bracket: phi(0.00)=0.6181  phi(1.57)=0.2905  want ~0.3300
    roll=1.226  skeleton phi=0.3267  +13 fillers -> phi=0.2998  void=1.21  cv=0.277  asym=8%
    rejected: y-seam contact density 0.66 of interior < 0.76
  attempt 6/128 (seed 5204)
    budget bracket: phi(0.00)=0.6094  phi(1.57)=0.2852  want ~0.3300
    roll=1.374  skeleton phi=0.3316  +11 fillers -> phi=0.3001  void=1.55  cv=0.284  asym=4%
    rejected: largest void 1.55 mean-radii > 1.22; y-seam contact density 0.37 of interior < 0.76
  attempt 7/128 (seed 6204)
    budget bracket: phi(0.00)=0.5691  phi(1.57)=0.2646  want ~0.3300
    roll=1.080  skeleton phi=0.3265  +11 fillers -> phi=0.2998  void=1.29  cv=0.271  asym=6%
    rejected: largest void 1.29 mean-radii > 1.22
  attempt 8/128 (seed 7204)
    budget bracket: phi(0.00)=0.6068  phi(1.57)=0.2640  want ~0.3300
    roll=1.178  skeleton phi=0.3269  +11 fillers -> phi=0.2999  void=1.24  cv=0.262  asym=3%
    rejected: largest void 1.24 mean-radii > 1.22; y-seam contact density 0.48 of interior < 0.76
  attempt 9/128 (seed 8204)
    budget bracket: phi(0.00)=0.6007  phi(1.57)=0.2945  want ~0.3300
    roll=0.969  skeleton phi=0.3337  +14 fillers -> phi=0.3000  void=1.25  cv=0.261  asym=3%
    rejected: largest void 1.25 mean-radii > 1.22; y-seam contact density 0.69 of interior < 0.76
  attempt 10/128 (seed 9204)
    budget bracket: phi(0.00)=0.5859  phi(1.57)=0.2912  want ~0.3300
    roll=1.020  skeleton phi=0.3277  +16 fillers -> phi=0.3000  void=1.14  cv=0.275  asym=7%
    rejected: y-seam contact density 0.50 of interior < 0.76
  attempt 11/128 (seed 10204)
    budget bracket: phi(0.00)=0.5797  phi(1.57)=0.2911  want ~0.3300
    roll=0.982  skeleton phi=0.3297  +13 fillers -> phi=0.3001  void=1.27  cv=0.258  asym=5%
    rejected: largest void 1.27 mean-radii > 1.22; y-seam contact density 0.58 of interior < 0.76
  attempt 12/128 (seed 11204)
    budget bracket: phi(0.00)=0.5708  phi(1.57)=0.2799  want ~0.3300
    roll=1.098  skeleton phi=0.3294  +17 fillers -> phi=0.3001  void=1.37  cv=0.287  asym=10%
    rejected: largest void 1.37 mean-radii > 1.22; y-seam contact density 0.74 of interior < 0.76
  attempt 13/128 (seed 12204)
    budget bracket: phi(0.00)=0.5950  phi(1.57)=0.2858  want ~0.3300
    roll=1.374  skeleton phi=0.3317  +11 fillers -> phi=0.3002  void=1.52  cv=0.296  asym=5%
    rejected: largest void 1.52 mean-radii > 1.22
  attempt 14/128 (seed 13204)
    budget bracket: phi(0.00)=0.6067  phi(1.57)=0.3170  want ~0.3300
    roll=1.424  skeleton phi=0.3288  +12 fillers -> phi=0.3001  void=1.47  cv=0.288  asym=8%
    rejected: largest void 1.47 mean-radii > 1.22; y-seam contact density 0.53 of interior < 0.76
  attempt 15/128 (seed 14204)
    budget bracket: phi(0.00)=0.6093  phi(1.57)=0.2820  want ~0.3300
    roll=1.203  skeleton phi=0.3341  +11 fillers -> phi=0.3001  void=1.36  cv=0.294  asym=3%
    rejected: largest void 1.36 mean-radii > 1.22; y-seam contact density 0.74 of interior < 0.76
  attempt 16/128 (seed 15204)
    budget bracket: phi(0.00)=0.6192  phi(1.57)=0.3017  want ~0.3300
    roll=1.129  skeleton phi=0.3314  +18 fillers -> phi=0.2999  void=1.29  cv=0.276  asym=1%
    rejected: largest void 1.29 mean-radii > 1.22; y-seam contact density 0.52 of interior < 0.76
  attempt 17/128 (seed 16204)
    budget bracket: phi(0.00)=0.6276  phi(1.57)=0.3475  want ~0.3300
    roll=1.571  skeleton phi=0.3475  +24 fillers -> phi=0.3002  void=1.19  cv=0.273  asym=1%
    rejected: y-seam contact density 0.53 of interior < 0.76
  attempt 18/128 (seed 17204)
    budget bracket: phi(0.00)=0.5257  phi(1.57)=0.2949  want ~0.3300
    roll=1.289  skeleton phi=0.3331  +20 fillers -> phi=0.3002  void=1.23  cv=0.286  asym=6%
    rejected: largest void 1.23 mean-radii > 1.22; y-seam contact density 0.34 of interior < 0.76
  attempt 19/128 (seed 18204)
    budget bracket: phi(0.00)=0.5999  phi(1.57)=0.2524  want ~0.3300
    roll=0.933  skeleton phi=0.3279  +16 fillers -> phi=0.3002  void=1.09  cv=0.262  asym=4%
    rejected: y-seam contact density 0.56 of interior < 0.76
  attempt 20/128 (seed 19204)
    budget bracket: phi(0.00)=0.5731  phi(1.57)=0.2742  want ~0.3300
    roll=1.227  skeleton phi=0.3280  +10 fillers -> phi=0.3000  void=1.22  cv=0.283  asym=5%
    rejected: y-seam contact density 0.55 of interior < 0.76
  attempt 21/128 (seed 20204)
    budget bracket: phi(0.00)=0.5997  phi(1.57)=0.3076  want ~0.3300
    roll=1.049  skeleton phi=0.3314  +16 fillers -> phi=0.3001  void=1.29  cv=0.261  asym=2%
    rejected: largest void 1.29 mean-radii > 1.22; y-seam contact density 0.66 of interior < 0.76
  attempt 22/128 (seed 21204)
    budget bracket: phi(0.00)=0.5789  phi(1.57)=0.2516  want ~0.3300
    roll=0.968  skeleton phi=0.3347  +12 fillers -> phi=0.3001  void=1.29  cv=0.270  asym=6%
    rejected: largest void 1.29 mean-radii > 1.22
  attempt 23/128 (seed 22204)
    budget bracket: phi(0.00)=0.6088  phi(1.57)=0.3119  want ~0.3300
    roll=1.295  skeleton phi=0.3288  +11 fillers -> phi=0.3002  void=1.44  cv=0.302  asym=5%
    rejected: largest void 1.44 mean-radii > 1.22; y-seam contact density 0.63 of interior < 0.76
  attempt 24/128 (seed 23204)
    budget bracket: phi(0.00)=0.5646  phi(1.57)=0.2792  want ~0.3300
    roll=1.031  skeleton phi=0.3332  +11 fillers -> phi=0.2997  void=1.41  cv=0.282  asym=7%
    rejected: largest void 1.41 mean-radii > 1.22
  attempt 25/128 (seed 24204)
    budget bracket: phi(0.00)=0.6380  phi(1.57)=0.2664  want ~0.3300
    roll=1.000  skeleton phi=0.3263  +7 fillers -> phi=0.3000  void=1.47  cv=0.284  asym=2%
    rejected: largest void 1.47 mean-radii > 1.22; y-seam contact density 0.65 of interior < 0.76
  attempt 26/128 (seed 25204)
    budget bracket: phi(0.00)=0.5814  phi(1.57)=0.2680  want ~0.3300
    roll=1.080  skeleton phi=0.3270  +12 fillers -> phi=0.3000  void=1.13  cv=0.263  asym=3%
    rejected: y-seam contact density 0.56 of interior < 0.76
  attempt 27/128 (seed 26204)
    budget bracket: phi(0.00)=0.5982  phi(1.57)=0.2745  want ~0.3300
    roll=1.006  skeleton phi=0.3263  +11 fillers -> phi=0.2999  void=1.26  cv=0.285  asym=6%
    rejected: largest void 1.26 mean-radii > 1.22; y-seam contact density 0.44 of interior < 0.76
  attempt 28/128 (seed 27204)
    budget bracket: phi(0.00)=0.5726  phi(1.57)=0.2593  want ~0.3300
    roll=1.068  skeleton phi=0.3260  +11 fillers -> phi=0.2999  void=1.33  cv=0.276  asym=7%
    rejected: largest void 1.33 mean-radii > 1.22
  attempt 29/128 (seed 28204)
    budget bracket: phi(0.00)=0.6594  phi(1.57)=0.3319  want ~0.3300
    roll=1.571  skeleton phi=0.3319  +15 fillers -> phi=0.2999  void=1.27  cv=0.281  asym=9%
    rejected: largest void 1.27 mean-radii > 1.22
  attempt 30/128 (seed 29204)
    budget bracket: phi(0.00)=0.6441  phi(1.57)=0.3073  want ~0.3300
    roll=1.399  skeleton phi=0.3328  +20 fillers -> phi=0.2999  void=1.14  cv=0.260  asym=1%
    ACCEPTED

✅ /Users/jacksonbaglino/PetIGA-3.20/projects/enceladus_DSM/inputs/packings/keff_LR40/phi0.300_Rave50um_LR40_seed204
   porosity      0.2999 (target 0.3000)
   grains        315  (295 matrix + 20 filler)
   mean radius   48.77 um (requested 50.00)
   largest void  1.14 mean radii (gate 1.22)
   density cv    0.260 (gate 0.310)
   coordination  1.95
   half-domain   1.1% asymmetry (x 1.1, y 1.0; gate 22)
   rows written  348 (33 edge images)  -> /Users/jacksonbaglino/PetIGA-3.20/projects/enceladus_DSM/inputs/packings/keff_LR40/phi0.300_Rave50um_LR40_seed204/grains.dat
