  gates for target phi=0.325:  max_void_ratio 1.34   local_density_cv 0.348   asymmetry 22%
Gravity-style packing: 2.000 x 2.000 mm, target phi=0.325, mean r=50.0 um, sigma_ln=0.5, periodic=xy
  attempt 1/128 (seed 305)
    budget bracket: phi(0.00)=0.5929  phi(1.57)=0.2829  want ~0.3550
    roll=0.907  skeleton phi=0.3476  +8 fillers -> phi=0.3251  void=1.59  cv=0.297  asym=2%
    rejected: largest void 1.59 mean-radii > 1.34; y-seam contact density 0.69 of interior < 0.76
  attempt 2/128 (seed 1305)
    budget bracket: phi(0.00)=0.6081  phi(1.57)=0.2910  want ~0.3550
    roll=1.078  skeleton phi=0.3558  +15 fillers -> phi=0.3252  void=1.30  cv=0.286  asym=7%
    rejected: y-seam contact density 0.53 of interior < 0.76
  attempt 3/128 (seed 2305)
    budget bracket: phi(0.00)=0.6676  phi(1.57)=0.3200  want ~0.3550
    roll=1.120  skeleton phi=0.3583  +18 fillers -> phi=0.3248  void=1.31  cv=0.294  asym=3%
    rejected: y-seam contact density 0.69 of interior < 0.76
  attempt 4/128 (seed 3305)
    budget bracket: phi(0.00)=0.6042  phi(1.57)=0.2848  want ~0.3550
    roll=0.932  skeleton phi=0.3598  +17 fillers -> phi=0.3251  void=1.37  cv=0.303  asym=1%
    rejected: largest void 1.37 mean-radii > 1.34; y-seam contact density 0.59 of interior < 0.76
  attempt 5/128 (seed 4305)
    budget bracket: phi(0.00)=0.5516  phi(1.57)=0.2729  want ~0.3550
    roll=0.983  skeleton phi=0.3547  +13 fillers -> phi=0.3251  void=1.36  cv=0.316  asym=4%
    rejected: largest void 1.36 mean-radii > 1.34; y-seam contact density 0.52 of interior < 0.76
  attempt 6/128 (seed 5305)
    budget bracket: phi(0.00)=0.6075  phi(1.57)=0.2913  want ~0.3550
    roll=0.968  skeleton phi=0.3609  +21 fillers -> phi=0.3251  void=1.21  cv=0.281  asym=6%
    ACCEPTED

✅ /Users/jacksonbaglino/PetIGA-3.20/projects/enceladus_DSM/inputs/packings/keff_LR40/phi0.325_Rave50um_LR40_seed305
   porosity      0.3251 (target 0.3250)
   grains        312  (291 matrix + 21 filler)
   mean radius   47.78 um (requested 50.00)
   largest void  1.21 mean radii (gate 1.34)
   density cv    0.281 (gate 0.348)
   coordination  1.88
   half-domain   5.8% asymmetry (x 3.9, y 5.8; gate 22)
   rows written  342 (30 edge images)  -> /Users/jacksonbaglino/PetIGA-3.20/projects/enceladus_DSM/inputs/packings/keff_LR40/phi0.325_Rave50um_LR40_seed305/grains.dat
