  gates for target phi=0.375:  max_void_ratio 99.00   local_density_cv 99.000   asymmetry 9900%
Gravity-style packing: 2.000 x 2.000 mm, target phi=0.375, mean r=50.0 um, sigma_ln=0.5, periodic=xy
  attempt 1/128 (seed 1803)
    budget bracket: phi(0.00)=0.5912  phi(1.57)=0.2861  want ~0.4050
    roll=0.687  skeleton phi=0.4104  +18 fillers -> phi=0.3749  void=1.56  cv=0.369  asym=4%
    rejected: y-seam contact density 0.57 of interior < 0.76
  attempt 2/128 (seed 2803)
    budget bracket: phi(0.00)=0.6367  phi(1.57)=0.3613  want ~0.4050
    roll=1.052  skeleton phi=0.4065  +11 fillers -> phi=0.3748  void=1.83  cv=0.411  asym=5%
    rejected: solid does not percolate (x=False, y=True); y-seam contact density 0.35 of interior < 0.76
  attempt 3/128 (seed 3803)
    budget bracket: phi(0.00)=0.5723  phi(1.57)=0.3129  want ~0.4050
    roll=0.785  skeleton phi=0.4039  +15 fillers -> phi=0.3747  void=1.48  cv=0.375  asym=6%
    rejected: y-seam contact density 0.57 of interior < 0.76
  attempt 4/128 (seed 4803)
    budget bracket: phi(0.00)=0.5943  phi(1.57)=0.2882  want ~0.4050
    roll=0.909  skeleton phi=0.4089  +14 fillers -> phi=0.3749  void=1.70  cv=0.388  asym=10%
    rejected: y-seam contact density 0.65 of interior < 0.76
  attempt 5/128 (seed 5803)
    budget bracket: phi(0.00)=0.5944  phi(1.57)=0.3212  want ~0.4050
    roll=0.923  skeleton phi=0.4046  +12 fillers -> phi=0.3748  void=1.81  cv=0.416  asym=6%
    ACCEPTED

✅ /Users/jacksonbaglino/PetIGA-3.20/projects/enceladus_DSM/inputs/packings/keff_LR40/phi0.375_Rave50um_LR40_seed1803
   porosity      0.3748 (target 0.3750)
   grains        268  (256 matrix + 12 filler)
   mean radius   49.01 um (requested 50.00)
   largest void  1.81 mean radii (gate 99.00)
   density cv    0.416 (gate 99.000)
   coordination  2.04
   half-domain   6.3% asymmetry (x 6.3, y 2.9; gate 9900)
   rows written  298 (30 edge images)  -> /Users/jacksonbaglino/PetIGA-3.20/projects/enceladus_DSM/inputs/packings/keff_LR40/phi0.375_Rave50um_LR40_seed1803/grains.dat
