  gates for target phi=0.325:  max_void_ratio 99.00   local_density_cv 99.000   asymmetry 9900%
Gravity-style packing: 1.500 x 1.500 mm, target phi=0.325, mean r=50.0 um, sigma_ln=0.5, periodic=xy
  attempt 1/128 (seed 1205)
    budget bracket: phi(0.00)=0.6027  phi(1.57)=0.3059  want ~0.3550
    roll=1.178  skeleton phi=0.3484  +8 fillers -> phi=0.3252  void=1.36  cv=0.315  asym=11%
    rejected: y-seam contact density 0.42 of interior < 0.76
  attempt 2/128 (seed 2205)
    budget bracket: phi(0.00)=0.6232  phi(1.57)=0.3553  want ~0.3550
    roll=1.571  skeleton phi=0.3553  +7 fillers -> phi=0.3249  void=1.47  cv=0.342  asym=12%
    rejected: solid does not percolate (x=False, y=True); y-seam contact density 0.31 of interior < 0.76
  attempt 3/128 (seed 3205)
    budget bracket: phi(0.00)=0.6774  phi(1.57)=0.3384  want ~0.3550
    roll=1.522  skeleton phi=0.3591  +9 fillers -> phi=0.3249  void=1.31  cv=0.314  asym=6%
    rejected: y-seam contact density 0.60 of interior < 0.76
  attempt 4/128 (seed 4205)
    budget bracket: phi(0.00)=0.6066  phi(1.57)=0.2547  want ~0.3550
    roll=0.807  skeleton phi=0.3597  +6 fillers -> phi=0.3250  void=1.33  cv=0.290  asym=8%
    rejected: y-seam contact density 0.56 of interior < 0.76
  attempt 5/128 (seed 5205)
    budget bracket: phi(0.00)=0.6306  phi(1.57)=0.3063  want ~0.3550
    roll=1.233  skeleton phi=0.3546  +6 fillers -> phi=0.3254  void=1.42  cv=0.309  asym=9%
    rejected: y-seam contact density 0.53 of interior < 0.76
  attempt 6/128 (seed 6205)
    budget bracket: phi(0.00)=0.5977  phi(1.57)=0.2858  want ~0.3550
    roll=1.203  skeleton phi=0.3588  +7 fillers -> phi=0.3251  void=1.59  cv=0.333  asym=5%
    rejected: y-seam contact density 0.63 of interior < 0.76
  attempt 7/128 (seed 7205)
    budget bracket: phi(0.00)=0.6036  phi(1.57)=0.2682  want ~0.3550
    roll=0.865  skeleton phi=0.3535  +13 fillers -> phi=0.3248  void=1.20  cv=0.305  asym=3%
    ACCEPTED

✅ /Users/jacksonbaglino/PetIGA-3.20/projects/enceladus_DSM/inputs/packings/rve_phi0.325/phi0.325_Rave50um_LR30_seed1205
   porosity      0.3248 (target 0.3250)
   grains        171  (158 matrix + 13 filler)
   mean radius   48.00 um (requested 50.00)
   largest void  1.20 mean radii (gate 99.00)
   density cv    0.305 (gate 99.000)
   coordination  2.00
   half-domain   2.8% asymmetry (x 0.4, y 2.8; gate 9900)
   rows written  194 (23 edge images)  -> /Users/jacksonbaglino/PetIGA-3.20/projects/enceladus_DSM/inputs/packings/rve_phi0.325/phi0.325_Rave50um_LR30_seed1205/grains.dat
