  gates for target phi=0.350:  max_void_ratio 1.46   local_density_cv 0.385   asymmetry 22%
Gravity-style packing: 2.000 x 2.000 mm, target phi=0.35, mean r=50.0 um, sigma_ln=0.5, periodic=xy
  attempt 1/128 (seed 404)
    budget bracket: phi(0.00)=0.5853  phi(1.57)=0.2812  want ~0.3800
    roll=0.888  skeleton phi=0.3837  +17 fillers -> phi=0.3500  void=1.49  cv=0.357  asym=5%
    rejected: largest void 1.49 mean-radii > 1.46
  attempt 2/128 (seed 1404)
    budget bracket: phi(0.00)=0.5893  phi(1.57)=0.2884  want ~0.3800
    roll=0.859  skeleton phi=0.3828  +16 fillers -> phi=0.3500  void=1.34  cv=0.329  asym=6%
    rejected: y-seam contact density 0.44 of interior < 0.76
  attempt 3/128 (seed 2404)
    budget bracket: phi(0.00)=0.6334  phi(1.57)=0.2951  want ~0.3800
    roll=1.082  skeleton phi=0.3774  +9 fillers -> phi=0.3500  void=1.82  cv=0.382  asym=7%
    rejected: largest void 1.82 mean-radii > 1.46; y-seam contact density 0.68 of interior < 0.76
  attempt 4/128 (seed 3404)
    budget bracket: phi(0.00)=0.5828  phi(1.57)=0.3630  want ~0.3800
    roll=0.957  skeleton phi=0.3796  +16 fillers -> phi=0.3500  void=1.50  cv=0.336  asym=10%
    rejected: largest void 1.50 mean-radii > 1.46; y-seam contact density 0.43 of interior < 0.76
  attempt 5/128 (seed 4404)
    budget bracket: phi(0.00)=0.6194  phi(1.57)=0.3094  want ~0.3800
    roll=0.997  skeleton phi=0.3779  +12 fillers -> phi=0.3500  void=1.41  cv=0.339  asym=5%
    rejected: y-seam contact density 0.36 of interior < 0.76
  attempt 6/128 (seed 5404)
    budget bracket: phi(0.00)=0.6019  phi(1.57)=0.3162  want ~0.3800
    roll=0.884  skeleton phi=0.3901  +16 fillers -> phi=0.3500  void=1.42  cv=0.343  asym=4%
    ACCEPTED

✅ /Users/jacksonbaglino/PetIGA-3.20/projects/enceladus_DSM/inputs/packings/keff_LR40/phi0.350_Rave50um_LR40_seed404
   porosity      0.3500 (target 0.3500)
   grains        286  (270 matrix + 16 filler)
   mean radius   48.20 um (requested 50.00)
   largest void  1.42 mean radii (gate 1.46)
   density cv    0.343 (gate 0.385)
   coordination  2.09
   half-domain   4.2% asymmetry (x 4.2, y 1.4; gate 22)
   rows written  320 (34 edge images)  -> /Users/jacksonbaglino/PetIGA-3.20/projects/enceladus_DSM/inputs/packings/keff_LR40/phi0.350_Rave50um_LR40_seed404/grains.dat
