  gates for target phi=0.300:  max_void_ratio 1.22   local_density_cv 0.310   asymmetry 22%
Gravity-style packing: 2.000 x 2.000 mm, target phi=0.3, mean r=50.0 um, sigma_ln=0.5, periodic=xy
  attempt 1/128 (seed 205)
    budget bracket: phi(0.00)=0.6039  phi(1.57)=0.3188  want ~0.3300
    roll=1.374  skeleton phi=0.3300  +14 fillers -> phi=0.2999  void=1.33  cv=0.286  asym=8%
    rejected: largest void 1.33 mean-radii > 1.22; y-seam contact density 0.58 of interior < 0.76
  attempt 2/128 (seed 1205)
    budget bracket: phi(0.00)=0.6353  phi(1.57)=0.3091  want ~0.3300
    roll=1.350  skeleton phi=0.3313  +18 fillers -> phi=0.3002  void=1.21  cv=0.283  asym=2%
    rejected: y-seam contact density 0.74 of interior < 0.76
  attempt 3/128 (seed 2205)
    budget bracket: phi(0.00)=0.6302  phi(1.57)=0.3087  want ~0.3300
    roll=0.982  skeleton phi=0.3219  +6 fillers -> phi=0.2998  void=1.32  cv=0.280  asym=4%
    rejected: largest void 1.32 mean-radii > 1.22
  attempt 4/128 (seed 3205)
    budget bracket: phi(0.00)=0.5869  phi(1.57)=0.2672  want ~0.3300
    roll=1.258  skeleton phi=0.3308  +20 fillers -> phi=0.3002  void=1.17  cv=0.270  asym=6%
    rejected: y-seam contact density 0.42 of interior < 0.76
  attempt 5/128 (seed 4205)
    budget bracket: phi(0.00)=0.5643  phi(1.57)=0.2740  want ~0.3300
    roll=1.080  skeleton phi=0.3278  +15 fillers -> phi=0.2999  void=1.38  cv=0.270  asym=3%
    rejected: largest void 1.38 mean-radii > 1.22
  attempt 6/128 (seed 5205)
    budget bracket: phi(0.00)=0.6456  phi(1.57)=0.3014  want ~0.3300
    roll=1.276  skeleton phi=0.3286  +10 fillers -> phi=0.2998  void=1.65  cv=0.302  asym=6%
    rejected: largest void 1.65 mean-radii > 1.22; y-seam contact density 0.66 of interior < 0.76
  attempt 7/128 (seed 6205)
    budget bracket: phi(0.00)=0.6135  phi(1.57)=0.2819  want ~0.3300
    roll=1.178  skeleton phi=0.3299  +14 fillers -> phi=0.3000  void=1.32  cv=0.286  asym=8%
    rejected: largest void 1.32 mean-radii > 1.22; y-seam contact density 0.64 of interior < 0.76
  attempt 8/128 (seed 7205)
    budget bracket: phi(0.00)=0.6324  phi(1.57)=0.2856  want ~0.3300
    roll=1.276  skeleton phi=0.3334  +15 fillers -> phi=0.2998  void=1.43  cv=0.291  asym=3%
    rejected: largest void 1.43 mean-radii > 1.22; y-seam contact density 0.53 of interior < 0.76
  attempt 9/128 (seed 8205)
    budget bracket: phi(0.00)=0.6261  phi(1.57)=0.2889  want ~0.3300
    roll=1.399  skeleton phi=0.3290  +14 fillers -> phi=0.2999  void=1.43  cv=0.306  asym=10%
    rejected: largest void 1.43 mean-radii > 1.22
  attempt 10/128 (seed 9205)
    budget bracket: phi(0.00)=0.6449  phi(1.57)=0.3464  want ~0.3300
    roll=1.571  skeleton phi=0.3464  +19 fillers -> phi=0.3002  void=1.38  cv=0.281  asym=13%
    rejected: largest void 1.38 mean-radii > 1.22; y-seam contact density 0.66 of interior < 0.76
  attempt 11/128 (seed 10205)
    budget bracket: phi(0.00)=0.6281  phi(1.57)=0.3015  want ~0.3300
    roll=1.374  skeleton phi=0.3284  +8 fillers -> phi=0.2998  void=1.40  cv=0.285  asym=8%
    rejected: largest void 1.40 mean-radii > 1.22; y-seam contact density 0.41 of interior < 0.76
  attempt 12/128 (seed 11205)
    budget bracket: phi(0.00)=0.6313  phi(1.57)=0.2985  want ~0.3300
    roll=1.080  skeleton phi=0.3246  +5 fillers -> phi=0.3001  void=1.46  cv=0.277  asym=3%
    rejected: largest void 1.46 mean-radii > 1.22; y-seam contact density 0.66 of interior < 0.76
  attempt 13/128 (seed 12205)
    budget bracket: phi(0.00)=0.5602  phi(1.57)=0.2663  want ~0.3300
    roll=1.080  skeleton phi=0.3324  +21 fillers -> phi=0.2999  void=1.12  cv=0.257  asym=4%
    rejected: y-seam contact density 0.57 of interior < 0.76
  attempt 14/128 (seed 13205)
    budget bracket: phi(0.00)=0.6246  phi(1.57)=0.3558  want ~0.3300
    roll=1.571  skeleton phi=0.3558  +25 fillers -> phi=0.2999  void=1.19  cv=0.290  asym=10%
    rejected: y-seam contact density 0.63 of interior < 0.76
  attempt 15/128 (seed 14205)
    budget bracket: phi(0.00)=0.6111  phi(1.57)=0.2896  want ~0.3300
    roll=1.374  skeleton phi=0.3306  +12 fillers -> phi=0.2999  void=1.40  cv=0.271  asym=4%
    rejected: largest void 1.40 mean-radii > 1.22; y-seam contact density 0.63 of interior < 0.76
  attempt 16/128 (seed 15205)
    budget bracket: phi(0.00)=0.5709  phi(1.57)=0.2863  want ~0.3300
    roll=1.178  skeleton phi=0.3316  +7 fillers -> phi=0.3000  void=1.66  cv=0.306  asym=12%
    rejected: largest void 1.66 mean-radii > 1.22
  attempt 17/128 (seed 16205)
    budget bracket: phi(0.00)=0.6397  phi(1.57)=0.2689  want ~0.3300
    roll=1.301  skeleton phi=0.3285  +9 fillers -> phi=0.3001  void=1.45  cv=0.285  asym=4%
    rejected: largest void 1.45 mean-radii > 1.22; y-seam contact density 0.47 of interior < 0.76
  attempt 18/128 (seed 17205)
    budget bracket: phi(0.00)=0.6834  phi(1.57)=0.2749  want ~0.3300
    roll=1.276  skeleton phi=0.3319  +16 fillers -> phi=0.2998  void=1.27  cv=0.280  asym=5%
    rejected: largest void 1.27 mean-radii > 1.22; y-seam contact density 0.68 of interior < 0.76
  attempt 19/128 (seed 18205)
    budget bracket: phi(0.00)=0.6535  phi(1.57)=0.3029  want ~0.3300
    roll=1.338  skeleton phi=0.3360  +16 fillers -> phi=0.2998  void=1.21  cv=0.265  asym=4%
    rejected: y-seam contact density 0.50 of interior < 0.76
  attempt 20/128 (seed 19205)
    budget bracket: phi(0.00)=0.5795  phi(1.57)=0.3109  want ~0.3300
    roll=1.279  skeleton phi=0.3302  +10 fillers -> phi=0.3000  void=1.41  cv=0.281  asym=3%
    rejected: largest void 1.41 mean-radii > 1.22
  attempt 21/128 (seed 20205)
    budget bracket: phi(0.00)=0.6082  phi(1.57)=0.2614  want ~0.3300
    roll=0.973  skeleton phi=0.3312  +16 fillers -> phi=0.3002  void=1.16  cv=0.274  asym=7%
    rejected: y-seam contact density 0.31 of interior < 0.76
  attempt 22/128 (seed 21205)
    budget bracket: phi(0.00)=0.6139  phi(1.57)=0.2725  want ~0.3300
    roll=1.178  skeleton phi=0.3300  +10 fillers -> phi=0.2999  void=1.49  cv=0.295  asym=2%
    rejected: largest void 1.49 mean-radii > 1.22; y-seam contact density 0.50 of interior < 0.76
  attempt 23/128 (seed 22205)
    budget bracket: phi(0.00)=0.6383  phi(1.57)=0.3117  want ~0.3300
    roll=1.224  skeleton phi=0.3262  +13 fillers -> phi=0.2998  void=1.19  cv=0.280  asym=9%
    rejected: y-seam contact density 0.63 of interior < 0.76
  attempt 24/128 (seed 23205)
    budget bracket: phi(0.00)=0.6066  phi(1.57)=0.2760  want ~0.3300
    roll=1.178  skeleton phi=0.3256  +13 fillers -> phi=0.3001  void=1.29  cv=0.289  asym=7%
    rejected: largest void 1.29 mean-radii > 1.22; y-seam contact density 0.47 of interior < 0.76
  attempt 25/128 (seed 24205)
    budget bracket: phi(0.00)=0.5528  phi(1.57)=0.2591  want ~0.3300
    roll=0.969  skeleton phi=0.3337  +18 fillers -> phi=0.3000  void=1.09  cv=0.246  asym=5%
    rejected: y-seam contact density 0.45 of interior < 0.76
  attempt 26/128 (seed 25205)
    budget bracket: phi(0.00)=0.6334  phi(1.57)=0.2956  want ~0.3300
    roll=1.178  skeleton phi=0.3265  +8 fillers -> phi=0.2996  void=1.43  cv=0.271  asym=1%
    rejected: largest void 1.43 mean-radii > 1.22
  attempt 27/128 (seed 26205)
    budget bracket: phi(0.00)=0.5427  phi(1.57)=0.2734  want ~0.3300
    roll=1.034  skeleton phi=0.3334  +15 fillers -> phi=0.3000  void=1.29  cv=0.263  asym=3%
    rejected: largest void 1.29 mean-radii > 1.22; y-seam contact density 0.53 of interior < 0.76
  attempt 28/128 (seed 27205)
    budget bracket: phi(0.00)=0.5940  phi(1.57)=0.2938  want ~0.3300
    roll=1.424  skeleton phi=0.3248  +9 fillers -> phi=0.2999  void=1.52  cv=0.298  asym=5%
    rejected: largest void 1.52 mean-radii > 1.22; y-seam contact density 0.62 of interior < 0.76
  attempt 29/128 (seed 28205)
    budget bracket: phi(0.00)=0.6236  phi(1.57)=0.2700  want ~0.3300
    roll=1.169  skeleton phi=0.3309  +19 fillers -> phi=0.3002  void=1.14  cv=0.273  asym=2%
    rejected: y-seam contact density 0.73 of interior < 0.76
  attempt 30/128 (seed 29205)
    budget bracket: phi(0.00)=0.6180  phi(1.57)=0.2802  want ~0.3300
    roll=1.178  skeleton phi=0.3308  +20 fillers -> phi=0.2998  void=1.22  cv=0.281  asym=1%
    rejected: y-seam contact density 0.46 of interior < 0.76
  attempt 31/128 (seed 30205)
    budget bracket: phi(0.00)=0.6099  phi(1.57)=0.3386  want ~0.3300
    roll=1.571  skeleton phi=0.3386  +21 fillers -> phi=0.2998  void=1.28  cv=0.283  asym=4%
    rejected: largest void 1.28 mean-radii > 1.22; y-seam contact density 0.63 of interior < 0.76
  attempt 32/128 (seed 31205)
    budget bracket: phi(0.00)=0.6363  phi(1.57)=0.3141  want ~0.3300
    roll=1.374  skeleton phi=0.3351  +18 fillers -> phi=0.3000  void=1.20  cv=0.266  asym=4%
    rejected: y-seam contact density 0.60 of interior < 0.76
  attempt 33/128 (seed 32205)
    budget bracket: phi(0.00)=0.6648  phi(1.57)=0.3373  want ~0.3300
    roll=1.571  skeleton phi=0.3373  +16 fillers -> phi=0.3002  void=1.39  cv=0.285  asym=3%
    rejected: largest void 1.39 mean-radii > 1.22
  attempt 34/128 (seed 33205)
    budget bracket: phi(0.00)=0.5949  phi(1.57)=0.3169  want ~0.3300
    roll=1.221  skeleton phi=0.3329  +13 fillers -> phi=0.3001  void=1.35  cv=0.276  asym=4%
    rejected: largest void 1.35 mean-radii > 1.22; y-seam contact density 0.57 of interior < 0.76
  attempt 35/128 (seed 34205)
    budget bracket: phi(0.00)=0.6402  phi(1.57)=0.3009  want ~0.3300
    roll=1.227  skeleton phi=0.3269  +11 fillers -> phi=0.3002  void=1.27  cv=0.260  asym=3%
    rejected: largest void 1.27 mean-radii > 1.22; y-seam contact density 0.35 of interior < 0.76
  attempt 36/128 (seed 35205)
    budget bracket: phi(0.00)=0.5848  phi(1.57)=0.2818  want ~0.3300
    roll=1.023  skeleton phi=0.3323  +14 fillers -> phi=0.3001  void=1.25  cv=0.272  asym=2%
    rejected: largest void 1.25 mean-radii > 1.22
  attempt 37/128 (seed 36205)
    budget bracket: phi(0.00)=0.6415  phi(1.57)=0.3244  want ~0.3300
    roll=1.178  skeleton phi=0.3268  +8 fillers -> phi=0.3001  void=1.43  cv=0.283  asym=5%
    rejected: largest void 1.43 mean-radii > 1.22
  attempt 38/128 (seed 37205)
    budget bracket: phi(0.00)=0.5961  phi(1.57)=0.2795  want ~0.3300
    roll=1.264  skeleton phi=0.3292  +10 fillers -> phi=0.2999  void=1.55  cv=0.298  asym=5%
    rejected: largest void 1.55 mean-radii > 1.22
  attempt 39/128 (seed 38205)
    budget bracket: phi(0.00)=0.6354  phi(1.57)=0.3173  want ~0.3300
    roll=1.424  skeleton phi=0.3308  +12 fillers -> phi=0.2998  void=1.44  cv=0.285  asym=4%
    rejected: largest void 1.44 mean-radii > 1.22; y-seam contact density 0.71 of interior < 0.76
  attempt 40/128 (seed 39205)
    budget bracket: phi(0.00)=0.6115  phi(1.57)=0.2921  want ~0.3300
    roll=1.518  skeleton phi=0.3286  +15 fillers -> phi=0.2998  void=1.31  cv=0.269  asym=1%
    rejected: largest void 1.31 mean-radii > 1.22; y-seam contact density 0.47 of interior < 0.76
  attempt 41/128 (seed 40205)
    budget bracket: phi(0.00)=0.6343  phi(1.57)=0.2668  want ~0.3300
    roll=1.187  skeleton phi=0.3262  +13 fillers -> phi=0.2999  void=1.33  cv=0.296  asym=3%
    rejected: largest void 1.33 mean-radii > 1.22; y-seam contact density 0.41 of interior < 0.76
  attempt 42/128 (seed 41205)
    budget bracket: phi(0.00)=0.6235  phi(1.57)=0.2929  want ~0.3300
    roll=1.374  skeleton phi=0.3221  +3 fillers -> phi=0.3001  void=1.83  cv=0.316  asym=3%
    rejected: largest void 1.83 mean-radii > 1.22; local_density_cv 0.316 > 0.310; y-seam contact density 0.60 of interior < 0.76
  attempt 43/128 (seed 42205)
    budget bracket: phi(0.00)=0.6238  phi(1.57)=0.3170  want ~0.3300
    roll=1.483  skeleton phi=0.3286  +10 fillers -> phi=0.3002  void=1.56  cv=0.282  asym=5%
    rejected: largest void 1.56 mean-radii > 1.22; y-seam contact density 0.69 of interior < 0.76
  attempt 44/128 (seed 43205)
    budget bracket: phi(0.00)=0.5907  phi(1.57)=0.2979  want ~0.3300
    roll=1.178  skeleton phi=0.3281  +20 fillers -> phi=0.3001  void=1.17  cv=0.280  asym=2%
    rejected: y-seam contact density 0.59 of interior < 0.76
  attempt 45/128 (seed 44205)
    budget bracket: phi(0.00)=0.6046  phi(1.57)=0.2663  want ~0.3300
    roll=1.232  skeleton phi=0.3431  +24 fillers -> phi=0.3003  void=1.08  cv=0.270  asym=3%
    ACCEPTED

✅ /Users/jacksonbaglino/PetIGA-3.20/projects/enceladus_DSM/inputs/packings/keff_LR40/phi0.300_Rave50um_LR40_seed205
   porosity      0.3003 (target 0.3000)
   grains        315  (291 matrix + 24 filler)
   mean radius   48.80 um (requested 50.00)
   largest void  1.08 mean radii (gate 1.22)
   density cv    0.270 (gate 0.310)
   coordination  1.95
   half-domain   3.3% asymmetry (x 0.0, y 3.3; gate 22)
   rows written  347 (32 edge images)  -> /Users/jacksonbaglino/PetIGA-3.20/projects/enceladus_DSM/inputs/packings/keff_LR40/phi0.300_Rave50um_LR40_seed205/grains.dat
