  gates for target phi=0.300:  max_void_ratio 1.22   local_density_cv 0.310   asymmetry 22%
Gravity-style packing: 2.000 x 2.000 mm, target phi=0.3, mean r=50.0 um, sigma_ln=0.5, periodic=xy
  attempt 1/128 (seed 203)
    budget bracket: phi(0.00)=0.6074  phi(1.57)=0.3043  want ~0.3300
    roll=1.215  skeleton phi=0.3374  +15 fillers -> phi=0.3001  void=1.40  cv=0.283  asym=6%
    rejected: largest void 1.40 mean-radii > 1.22; y-seam contact density 0.63 of interior < 0.76
  attempt 2/128 (seed 1203)
    budget bracket: phi(0.00)=0.5567  phi(1.57)=0.2848  want ~0.3300
    roll=1.374  skeleton phi=0.3309  +13 fillers -> phi=0.3000  void=1.35  cv=0.288  asym=5%
    rejected: largest void 1.35 mean-radii > 1.22; y-seam contact density 0.23 of interior < 0.76
  attempt 3/128 (seed 2203)
    budget bracket: phi(0.00)=0.6019  phi(1.57)=0.2707  want ~0.3300
    roll=1.104  skeleton phi=0.3287  +11 fillers -> phi=0.3004  void=1.23  cv=0.261  asym=5%
    rejected: largest void 1.23 mean-radii > 1.22; y-seam contact density 0.72 of interior < 0.76
  attempt 4/128 (seed 3203)
    budget bracket: phi(0.00)=0.6031  phi(1.57)=0.3209  want ~0.3300
    roll=1.150  skeleton phi=0.3237  +11 fillers -> phi=0.3000  void=1.22  cv=0.254  asym=3%
    rejected: largest void 1.22 mean-radii > 1.22; y-seam contact density 0.71 of interior < 0.76
  attempt 5/128 (seed 4203)
    budget bracket: phi(0.00)=0.6464  phi(1.57)=0.2753  want ~0.3300
    roll=1.178  skeleton phi=0.3324  +11 fillers -> phi=0.3001  void=1.28  cv=0.275  asym=10%
    rejected: largest void 1.28 mean-radii > 1.22; y-seam contact density 0.73 of interior < 0.76
  attempt 6/128 (seed 5203)
    budget bracket: phi(0.00)=0.5892  phi(1.57)=0.3131  want ~0.3300
    roll=1.519  skeleton phi=0.3345  +14 fillers -> phi=0.3003  void=1.34  cv=0.280  asym=9%
    rejected: largest void 1.34 mean-radii > 1.22; y-seam contact density 0.71 of interior < 0.76
  attempt 7/128 (seed 6203)
    budget bracket: phi(0.00)=0.6219  phi(1.57)=0.3118  want ~0.3300
    roll=1.276  skeleton phi=0.3277  +10 fillers -> phi=0.2997  void=1.40  cv=0.288  asym=6%
    rejected: largest void 1.40 mean-radii > 1.22
  attempt 8/128 (seed 7203)
    budget bracket: phi(0.00)=0.5771  phi(1.57)=0.2667  want ~0.3300
    roll=1.190  skeleton phi=0.3363  +24 fillers -> phi=0.3002  void=1.15  cv=0.267  asym=6%
    rejected: y-seam contact density 0.52 of interior < 0.76
  attempt 9/128 (seed 8203)
    budget bracket: phi(0.00)=0.6480  phi(1.57)=0.3109  want ~0.3300
    roll=1.476  skeleton phi=0.3374  +22 fillers -> phi=0.3001  void=1.14  cv=0.280  asym=7%
    rejected: y-seam contact density 0.53 of interior < 0.76
  attempt 10/128 (seed 9203)
    budget bracket: phi(0.00)=0.5655  phi(1.57)=0.3307  want ~0.3300
    roll=1.571  skeleton phi=0.3307  +9 fillers -> phi=0.2998  void=1.53  cv=0.291  asym=4%
    rejected: largest void 1.53 mean-radii > 1.22; y-seam contact density 0.64 of interior < 0.76
  attempt 11/128 (seed 10203)
    budget bracket: phi(0.00)=0.6246  phi(1.57)=0.2952  want ~0.3300
    roll=1.356  skeleton phi=0.3254  +10 fillers -> phi=0.3001  void=1.34  cv=0.296  asym=5%
    rejected: largest void 1.34 mean-radii > 1.22; y-seam contact density 0.75 of interior < 0.76
  attempt 12/128 (seed 11203)
    budget bracket: phi(0.00)=0.5989  phi(1.57)=0.2857  want ~0.3300
    roll=1.178  skeleton phi=0.3313  +17 fillers -> phi=0.2996  void=1.13  cv=0.264  asym=4%
    rejected: y-seam contact density 0.58 of interior < 0.76
  attempt 13/128 (seed 12203)
    budget bracket: phi(0.00)=0.5932  phi(1.57)=0.2845  want ~0.3300
    roll=1.252  skeleton phi=0.3239  +14 fillers -> phi=0.3000  void=1.31  cv=0.283  asym=3%
    rejected: largest void 1.31 mean-radii > 1.22; y-seam contact density 0.45 of interior < 0.76
  attempt 14/128 (seed 13203)
    budget bracket: phi(0.00)=0.5739  phi(1.57)=0.3070  want ~0.3300
    roll=1.178  skeleton phi=0.3286  +11 fillers -> phi=0.2999  void=1.27  cv=0.262  asym=3%
    rejected: largest void 1.27 mean-radii > 1.22; y-seam contact density 0.60 of interior < 0.76
  attempt 15/128 (seed 14203)
    budget bracket: phi(0.00)=0.5745  phi(1.57)=0.2782  want ~0.3300
    roll=1.080  skeleton phi=0.3286  +14 fillers -> phi=0.3001  void=1.29  cv=0.280  asym=4%
    rejected: largest void 1.29 mean-radii > 1.22; y-seam contact density 0.44 of interior < 0.76
  attempt 16/128 (seed 15203)
    budget bracket: phi(0.00)=0.5902  phi(1.57)=0.2982  want ~0.3300
    roll=0.976  skeleton phi=0.3340  +20 fillers -> phi=0.2998  void=1.19  cv=0.290  asym=7%
    rejected: y-seam contact density 0.72 of interior < 0.76
  attempt 17/128 (seed 16203)
    budget bracket: phi(0.00)=0.6091  phi(1.57)=0.3032  want ~0.3300
    roll=1.227  skeleton phi=0.3270  +10 fillers -> phi=0.2996  void=1.49  cv=0.274  asym=5%
    rejected: largest void 1.49 mean-radii > 1.22
  attempt 18/128 (seed 17203)
    budget bracket: phi(0.00)=0.6253  phi(1.57)=0.2940  want ~0.3300
    roll=1.276  skeleton phi=0.3317  +6 fillers -> phi=0.3000  void=1.54  cv=0.283  asym=9%
    rejected: largest void 1.54 mean-radii > 1.22; y-seam contact density 0.76 of interior < 0.76
  attempt 19/128 (seed 18203)
    budget bracket: phi(0.00)=0.5849  phi(1.57)=0.2600  want ~0.3300
    roll=0.979  skeleton phi=0.3224  +8 fillers -> phi=0.3001  void=1.34  cv=0.258  asym=7%
    rejected: largest void 1.34 mean-radii > 1.22; y-seam contact density 0.69 of interior < 0.76
  attempt 20/128 (seed 19203)
    budget bracket: phi(0.00)=0.6013  phi(1.57)=0.3040  want ~0.3300
    roll=1.264  skeleton phi=0.3289  +12 fillers -> phi=0.3002  void=1.35  cv=0.277  asym=3%
    rejected: largest void 1.35 mean-radii > 1.22
  attempt 21/128 (seed 20203)
    budget bracket: phi(0.00)=0.6008  phi(1.57)=0.2567  want ~0.3300
    roll=1.031  skeleton phi=0.3330  +11 fillers -> phi=0.3000  void=1.42  cv=0.278  asym=6%
    rejected: largest void 1.42 mean-radii > 1.22; y-seam contact density 0.53 of interior < 0.76
  attempt 22/128 (seed 21203)
    budget bracket: phi(0.00)=0.6293  phi(1.57)=0.3074  want ~0.3300
    roll=1.401  skeleton phi=0.3289  +15 fillers -> phi=0.2995  void=1.18  cv=0.278  asym=6%
    rejected: y-seam contact density 0.69 of interior < 0.76
  attempt 23/128 (seed 22203)
    budget bracket: phi(0.00)=0.5649  phi(1.57)=0.2780  want ~0.3300
    roll=1.276  skeleton phi=0.3267  +11 fillers -> phi=0.3002  void=1.32  cv=0.284  asym=10%
    rejected: largest void 1.32 mean-radii > 1.22; y-seam contact density 0.70 of interior < 0.76
  attempt 24/128 (seed 23203)
    budget bracket: phi(0.00)=0.5785  phi(1.57)=0.2569  want ~0.3300
    roll=1.154  skeleton phi=0.3303  +10 fillers -> phi=0.2998  void=1.42  cv=0.296  asym=3%
    rejected: largest void 1.42 mean-radii > 1.22
  attempt 25/128 (seed 24203)
    budget bracket: phi(0.00)=0.6346  phi(1.57)=0.2891  want ~0.3300
    roll=1.227  skeleton phi=0.3283  +16 fillers -> phi=0.3001  void=1.14  cv=0.278  asym=3%
    rejected: y-seam contact density 0.68 of interior < 0.76
  attempt 26/128 (seed 25203)
    budget bracket: phi(0.00)=0.5908  phi(1.57)=0.3179  want ~0.3300
    roll=1.552  skeleton phi=0.3308  +12 fillers -> phi=0.3002  void=1.30  cv=0.279  asym=7%
    rejected: largest void 1.30 mean-radii > 1.22; y-seam contact density 0.49 of interior < 0.76
  attempt 27/128 (seed 26203)
    budget bracket: phi(0.00)=0.6311  phi(1.57)=0.3183  want ~0.3300
    roll=1.374  skeleton phi=0.3291  +8 fillers -> phi=0.2999  void=1.70  cv=0.293  asym=10%
    rejected: largest void 1.70 mean-radii > 1.22
  attempt 28/128 (seed 27203)
    budget bracket: phi(0.00)=0.5917  phi(1.57)=0.2733  want ~0.3300
    roll=1.178  skeleton phi=0.3337  +14 fillers -> phi=0.3000  void=1.28  cv=0.277  asym=6%
    rejected: largest void 1.28 mean-radii > 1.22; y-seam contact density 0.59 of interior < 0.76
  attempt 29/128 (seed 28203)
    budget bracket: phi(0.00)=0.6008  phi(1.57)=0.2608  want ~0.3300
    roll=1.049  skeleton phi=0.3297  +14 fillers -> phi=0.3002  void=1.24  cv=0.268  asym=3%
    rejected: largest void 1.24 mean-radii > 1.22; y-seam contact density 0.63 of interior < 0.76
  attempt 30/128 (seed 29203)
    budget bracket: phi(0.00)=0.6153  phi(1.57)=0.3022  want ~0.3300
    roll=1.362  skeleton phi=0.3348  +13 fillers -> phi=0.2998  void=1.38  cv=0.300  asym=5%
    rejected: largest void 1.38 mean-radii > 1.22
  attempt 31/128 (seed 30203)
    budget bracket: phi(0.00)=0.6042  phi(1.57)=0.2542  want ~0.3300
    roll=1.178  skeleton phi=0.3332  +18 fillers -> phi=0.3000  void=1.19  cv=0.276  asym=4%
    rejected: y-seam contact density 0.61 of interior < 0.76
  attempt 32/128 (seed 31203)
    budget bracket: phi(0.00)=0.6266  phi(1.57)=0.2850  want ~0.3300
    roll=1.276  skeleton phi=0.3267  +14 fillers -> phi=0.3001  void=1.30  cv=0.267  asym=5%
    rejected: largest void 1.30 mean-radii > 1.22; y-seam contact density 0.63 of interior < 0.76
  attempt 33/128 (seed 32203)
    budget bracket: phi(0.00)=0.6243  phi(1.57)=0.2784  want ~0.3300
    roll=1.178  skeleton phi=0.3313  +14 fillers -> phi=0.2996  void=1.27  cv=0.288  asym=15%
    rejected: largest void 1.27 mean-radii > 1.22; y-seam contact density 0.63 of interior < 0.76
  attempt 34/128 (seed 33203)
    budget bracket: phi(0.00)=0.6348  phi(1.57)=0.2642  want ~0.3300
    roll=1.227  skeleton phi=0.3315  +16 fillers -> phi=0.2998  void=1.16  cv=0.266  asym=6%
    rejected: y-seam contact density 0.51 of interior < 0.76
  attempt 35/128 (seed 34203)
    budget bracket: phi(0.00)=0.5982  phi(1.57)=0.2789  want ~0.3300
    roll=1.177  skeleton phi=0.3247  +7 fillers -> phi=0.3004  void=1.53  cv=0.289  asym=1%
    rejected: largest void 1.53 mean-radii > 1.22; y-seam contact density 0.75 of interior < 0.76
  attempt 36/128 (seed 35203)
    budget bracket: phi(0.00)=0.6162  phi(1.57)=0.2817  want ~0.3300
    roll=1.025  skeleton phi=0.3348  +19 fillers -> phi=0.3004  void=1.21  cv=0.256  asym=2%
    rejected: y-seam contact density 0.50 of interior < 0.76
  attempt 37/128 (seed 36203)
    budget bracket: phi(0.00)=0.5661  phi(1.57)=0.2886  want ~0.3300
    roll=1.050  skeleton phi=0.3343  +12 fillers -> phi=0.2998  void=1.29  cv=0.274  asym=8%
    rejected: largest void 1.29 mean-radii > 1.22; y-seam contact density 0.39 of interior < 0.76
  attempt 38/128 (seed 37203)
    budget bracket: phi(0.00)=0.6111  phi(1.57)=0.2875  want ~0.3300
    roll=1.080  skeleton phi=0.3299  +16 fillers -> phi=0.2998  void=1.24  cv=0.281  asym=3%
    rejected: largest void 1.24 mean-radii > 1.22
  attempt 39/128 (seed 38203)
    budget bracket: phi(0.00)=0.6579  phi(1.57)=0.3429  want ~0.3300
    roll=1.571  skeleton phi=0.3429  +22 fillers -> phi=0.3000  void=1.27  cv=0.281  asym=8%
    rejected: largest void 1.27 mean-radii > 1.22; y-seam contact density 0.69 of interior < 0.76
  attempt 40/128 (seed 39203)
    budget bracket: phi(0.00)=0.6514  phi(1.57)=0.3544  want ~0.3300
    roll=1.571  skeleton phi=0.3544  +29 fillers -> phi=0.3002  void=1.15  cv=0.259  asym=12%
    rejected: y-seam contact density 0.46 of interior < 0.76
  attempt 41/128 (seed 40203)
    budget bracket: phi(0.00)=0.6139  phi(1.57)=0.2763  want ~0.3300
    roll=1.184  skeleton phi=0.3392  +23 fillers -> phi=0.2997  void=1.09  cv=0.275  asym=7%
    rejected: y-seam contact density 0.28 of interior < 0.76
  attempt 42/128 (seed 41203)
    budget bracket: phi(0.00)=0.6536  phi(1.57)=0.3192  want ~0.3300
    roll=1.411  skeleton phi=0.3277  +17 fillers -> phi=0.2999  void=1.17  cv=0.267  asym=5%
    rejected: y-seam contact density 0.52 of interior < 0.76
  attempt 43/128 (seed 42203)
    budget bracket: phi(0.00)=0.6248  phi(1.57)=0.3175  want ~0.3300
    roll=1.080  skeleton phi=0.3319  +12 fillers -> phi=0.3003  void=1.33  cv=0.278  asym=9%
    rejected: largest void 1.33 mean-radii > 1.22; y-seam contact density 0.70 of interior < 0.76
  attempt 44/128 (seed 43203)
    budget bracket: phi(0.00)=0.5831  phi(1.57)=0.2901  want ~0.3300
    roll=1.350  skeleton phi=0.3271  +15 fillers -> phi=0.3001  void=1.34  cv=0.269  asym=6%
    rejected: largest void 1.34 mean-radii > 1.22; y-seam contact density 0.63 of interior < 0.76
  attempt 45/128 (seed 44203)
    budget bracket: phi(0.00)=0.6302  phi(1.57)=0.2947  want ~0.3300
    roll=1.238  skeleton phi=0.3255  +14 fillers -> phi=0.3003  void=1.21  cv=0.271  asym=5%
    rejected: y-seam contact density 0.36 of interior < 0.76
  attempt 46/128 (seed 45203)
    budget bracket: phi(0.00)=0.5657  phi(1.57)=0.3024  want ~0.3300
    roll=1.262  skeleton phi=0.3309  +17 fillers -> phi=0.2998  void=1.38  cv=0.292  asym=4%
    rejected: largest void 1.38 mean-radii > 1.22; y-seam contact density 0.47 of interior < 0.76
  attempt 47/128 (seed 46203)
    budget bracket: phi(0.00)=0.5840  phi(1.57)=0.2817  want ~0.3300
    roll=1.203  skeleton phi=0.3302  +12 fillers -> phi=0.3000  void=1.41  cv=0.278  asym=2%
    rejected: largest void 1.41 mean-radii > 1.22; y-seam contact density 0.52 of interior < 0.76
  attempt 48/128 (seed 47203)
    budget bracket: phi(0.00)=0.6292  phi(1.57)=0.2906  want ~0.3300
    roll=1.351  skeleton phi=0.3205  +7 fillers -> phi=0.2999  void=1.68  cv=0.299  asym=4%
    rejected: largest void 1.68 mean-radii > 1.22; y-seam contact density 0.71 of interior < 0.76
  attempt 49/128 (seed 48203)
    budget bracket: phi(0.00)=0.6053  phi(1.57)=0.3682  want ~0.3300
    roll=1.571  skeleton phi=0.3682  +33 fillers -> phi=0.3000  void=1.21  cv=0.275  asym=9%
    rejected: y-seam contact density 0.53 of interior < 0.76
  attempt 50/128 (seed 49203)
    budget bracket: phi(0.00)=0.5647  phi(1.57)=0.2900  want ~0.3300
    roll=0.988  skeleton phi=0.3314  +10 fillers -> phi=0.2998  void=1.38  cv=0.282  asym=4%
    rejected: largest void 1.38 mean-radii > 1.22; y-seam contact density 0.57 of interior < 0.76
  attempt 51/128 (seed 50203)
    budget bracket: phi(0.00)=0.6246  phi(1.57)=0.2663  want ~0.3300
    roll=1.160  skeleton phi=0.3299  +15 fillers -> phi=0.2999  void=1.27  cv=0.271  asym=5%
    rejected: largest void 1.27 mean-radii > 1.22; y-seam contact density 0.67 of interior < 0.76
  attempt 52/128 (seed 51203)
    budget bracket: phi(0.00)=0.5747  phi(1.57)=0.2885  want ~0.3300
    roll=1.282  skeleton phi=0.3280  +11 fillers -> phi=0.3002  void=1.42  cv=0.267  asym=12%
    rejected: largest void 1.42 mean-radii > 1.22; y-seam contact density 0.39 of interior < 0.76
  attempt 53/128 (seed 52203)
    budget bracket: phi(0.00)=0.5733  phi(1.57)=0.2820  want ~0.3300
    roll=1.129  skeleton phi=0.3333  +22 fillers -> phi=0.3000  void=1.14  cv=0.260  asym=6%
    rejected: y-seam contact density 0.40 of interior < 0.76
  attempt 54/128 (seed 53203)
    budget bracket: phi(0.00)=0.6086  phi(1.57)=0.3030  want ~0.3300
    roll=1.374  skeleton phi=0.3303  +11 fillers -> phi=0.3002  void=1.38  cv=0.268  asym=9%
    rejected: largest void 1.38 mean-radii > 1.22; y-seam contact density 0.67 of interior < 0.76
  attempt 55/128 (seed 54203)
    budget bracket: phi(0.00)=0.6465  phi(1.57)=0.2900  want ~0.3300
    roll=1.473  skeleton phi=0.3318  +15 fillers -> phi=0.3001  void=1.30  cv=0.278  asym=4%
    rejected: largest void 1.30 mean-radii > 1.22; y-seam contact density 0.72 of interior < 0.76
  attempt 56/128 (seed 55203)
    budget bracket: phi(0.00)=0.6504  phi(1.57)=0.3230  want ~0.3300
    roll=1.436  skeleton phi=0.3313  +15 fillers -> phi=0.3002  void=1.31  cv=0.294  asym=5%
    rejected: largest void 1.31 mean-radii > 1.22; y-seam contact density 0.41 of interior < 0.76
  attempt 57/128 (seed 56203)
    budget bracket: phi(0.00)=0.5791  phi(1.57)=0.3121  want ~0.3300
    roll=1.068  skeleton phi=0.3304  +14 fillers -> phi=0.3001  void=1.29  cv=0.275  asym=2%
    rejected: largest void 1.29 mean-radii > 1.22; y-seam contact density 0.62 of interior < 0.76
  attempt 58/128 (seed 57203)
    budget bracket: phi(0.00)=0.6129  phi(1.57)=0.3091  want ~0.3300
    roll=1.178  skeleton phi=0.3338  +12 fillers -> phi=0.2998  void=1.34  cv=0.260  asym=2%
    rejected: largest void 1.34 mean-radii > 1.22
  attempt 59/128 (seed 58203)
    budget bracket: phi(0.00)=0.6494  phi(1.57)=0.3102  want ~0.3300
    roll=1.374  skeleton phi=0.3312  +13 fillers -> phi=0.2999  void=1.41  cv=0.306  asym=7%
    rejected: largest void 1.41 mean-radii > 1.22
  attempt 60/128 (seed 59203)
    budget bracket: phi(0.00)=0.5913  phi(1.57)=0.2756  want ~0.3300
    roll=1.133  skeleton phi=0.3330  +20 fillers -> phi=0.2998  void=1.21  cv=0.271  asym=5%
    ACCEPTED

✅ /Users/jacksonbaglino/PetIGA-3.20/projects/enceladus_DSM/inputs/packings/keff_LR40/phi0.300_Rave50um_LR40_seed203
   porosity      0.2998 (target 0.3000)
   grains        284  (264 matrix + 20 filler)
   mean radius   51.14 um (requested 50.00)
   largest void  1.21 mean radii (gate 1.22)
   density cv    0.271 (gate 0.310)
   coordination  2.04
   half-domain   4.9% asymmetry (x 4.9, y 1.1; gate 22)
   rows written  311 (27 edge images)  -> /Users/jacksonbaglino/PetIGA-3.20/projects/enceladus_DSM/inputs/packings/keff_LR40/phi0.300_Rave50um_LR40_seed203/grains.dat
