  gates for target phi=0.250:  max_void_ratio 0.99   local_density_cv 0.235   asymmetry 22%
Gravity-style packing: 2.000 x 2.000 mm, target phi=0.25, mean r=50.0 um, sigma_ln=0.5, periodic=xy
  attempt 1/128 (seed 102)
    budget bracket: phi(0.00)=0.5685  phi(1.57)=0.2578  want ~0.2800
    roll=1.276  skeleton phi=0.2795  +22 fillers -> phi=0.2505  void=0.90  cv=0.190  asym=1%
    rejected: y-seam contact density 0.54 of interior < 0.76
  attempt 2/128 (seed 1102)
    budget bracket: phi(0.00)=0.6033  phi(1.57)=0.2966  want ~0.2800
    roll=1.571  skeleton phi=0.2966  +23 fillers -> phi=0.2497  void=1.01  cv=0.200  asym=2%
    rejected: largest void 1.01 mean-radii > 0.99
  attempt 3/128 (seed 2102)
    budget bracket: phi(0.00)=0.6438  phi(1.57)=0.3135  want ~0.2800
    roll=1.571  skeleton phi=0.3135  +41 fillers -> phi=0.2497  void=0.85  cv=0.178  asym=1%
    rejected: y-seam contact density 0.68 of interior < 0.76
  attempt 4/128 (seed 3102)
    budget bracket: phi(0.00)=0.5741  phi(1.57)=0.2648  want ~0.2800
    roll=1.540  skeleton phi=0.2818  +21 fillers -> phi=0.2501  void=0.91  cv=0.182  asym=4%
    ACCEPTED

✅ /Users/jacksonbaglino/PetIGA-3.20/projects/enceladus_DSM/inputs/packings/keff_LR40/phi0.250_Rave50um_LR40_seed102
   porosity      0.2501 (target 0.2500)
   grains        340  (319 matrix + 21 filler)
   mean radius   48.13 um (requested 50.00)
   largest void  0.91 mean radii (gate 0.99)
   density cv    0.182 (gate 0.235)
   coordination  2.10
   half-domain   3.6% asymmetry (x 0.5, y 3.6; gate 22)
   rows written  370 (30 edge images)  -> /Users/jacksonbaglino/PetIGA-3.20/projects/enceladus_DSM/inputs/packings/keff_LR40/phi0.250_Rave50um_LR40_seed102/grains.dat
