Running on 1 processes.


OUTPUT DATA ERROR: Reduce maximum time step, or increase t_interval 


  ===============================================================================
  >>> EFFECTIVE THERMAL CONDUCTIVITY (periodic homogenization)
  ===============================================================================
    corrector mesh    : dim 2, scalar (dof 1), 16384 unknowns x 2 directions
    cell volume (quad): 1.000000000002e-06 m^2
    cell volume (box) : 1.000000000000e-06 m^2   [rel diff 1.98e-12]
    k_ice / k_air     : 2.29 / 0.02 W/m/K
    mode              : -keff_only (one sample from the IC, then exit)
    output            : /Users/jacksonbaglino/PetIGA-3.20/projects/enceladus_DSM/studies/snow_thermal/verification/raw_keff/S_mesh_eps2.0e-5_N128/k_eff.csv
  ===============================================================================


================================================================================
 PHASE-FIELD SIMULATION PARAMETERS
================================================================================

 MESH & DISCRETIZATION
   Nx = 128,  Ny = 128
   Lx = 1.0000e-03 m,  Ly = 1.0000e-03 m
   dx = 7.8125e-06 m,  dy = 7.8125e-06 m
   p = 2 (quadratic),  C = 1

 PHASE-FIELD INTERFACE
   eps      =  2.0000e-05 m
   Sigma_i  =  1.0900e-01 J/m²   (ice surface energy)
   Sigma_a  =  1.3200e-01 J/m²   (air surface energy)
   Lambda   =  0.0000e+00

 ENVIRONMENT & INITIAL CONDITIONS
   T0       =  -20.00 °C,  humidity = 1.0000
   grad_T   =  (0.0000e+00, 0.0000e+00) °C/m

 TIME STEPPING
   dt0      =  1.0000e-04 s
   t_final  =  1.0000e+00 s,  n_out = 5000
   adaptive    ON  (NRmin = 5,  NRmax = 15,  factor = 1.3335)
   dtmin    =  1.0000e-06 s,  dtmax = 2.0000e+02 s

 TRANSPORT & THERMOPHYSICAL PROPERTIES
   D_v      =  2.1780e-05 m²/s    (vapor diffusivity)
   k_ice    =  2.2900e+00 W/m/K,  k_air  = 2.0000e-02 W/m/K
   rho_ice  =  9.1900e+02 kg/m³,  rho_air = 1.3410e+00 kg/m³
   cp_ice   =  1.9600e+03 J/kg/K, cp_air = 1.0440e+03 J/kg/K
   lat_sub  =  2.8300e+06 J/kg    (latent heat of sublimation)

 PHASE-CHANGE KINETICS
   rho_ice/rho_vs   = 1.0829e+06   (density ratio at T0)
   d0_sub0          = 1.0000e-07 m   (capillary length; M&F use 1e-7)
   beta_sub (K&P β₀, M&F β_sub, UNSCALED) = 9.9000e+05 s/m   [M&F range: 2e4–2e6]
   beta_sub (SCALED = β₀·ρ_vs/ρ_ice = β_HK) = 9.1425e-01 s/m
   lambda   =  1.0829e+09
   tau_sub  =  1.5908e+04 s
   mob_sub  =  4.1908e-10 m/s   [M&F: 4.33e-7]
   alph_sub =  6.8070e+04 1/s
   xi_T     =  1.0000e+00   (thermal conduction + latent heat scale)
   xi_v     =  1.0000e-03   (vapor diffusion + rho_ice source scale)

 SOLVER
   VI bounds:  OFF (unbounded Newton — pair with -snes_type newtonls)

 BOUNDARY CONDITIONS
   phi_i:   natural Neumann (zero flux)
   T:       natural Neumann (insulating)
   rho_v:   natural Neumann (insulating)

================================================================================

Setting up initial conditions... 
IC type: ice_slab
--- INITIAL CONDITIONS (2D Ice Slab: ice on [0, Ly/2], air above, periodic in y: interfaces at Ly/2 AND the y=0 seam) ---
  [keff] step 0      t = 0.000000e+00 s   phi_bar = 0.500748   k_iso = 6.097933e-01 W/m/K   (2 its, 0.55 s)
         k = [ 1.156697252e+00  1.465470301e-16 ]
             [ -1.337440282e-17  6.288941027e-02 ]
Solution completed. 
Setup time 5.754320e-01 sec  =  0.01 min 

WARNING! There are options you set that were not used!
WARNING! could be spelling mistake, etc!
There are 5 unused database options. They are:
Option left: name:-ksp_converged_reason value: ::failed source: file
Option left: name:-ksp_gmres_restart value: 200 source: file
Option left: name:-snes_converged_reason value: ::failed source: file
Option left: name:-sub_pc_factor_levels value: 3 source: file
Option left: name:-sub_pc_type value: ilu source: file
