  gates for target phi=0.250:  max_void_ratio 0.99   local_density_cv 0.235   asymmetry 22%
Gravity-style packing: 2.000 x 2.000 mm, target phi=0.25, mean r=50.0 um, sigma_ln=0.5, periodic=xy
  attempt 1/128 (seed 104)
    budget bracket: phi(0.00)=0.6109  phi(1.57)=0.2876  want ~0.2800
    roll=1.571  skeleton phi=0.2876  +25 fillers -> phi=0.2500  void=0.91  cv=0.180  asym=4%
    rejected: y-seam contact density 0.54 of interior < 0.76
  attempt 2/128 (seed 1104)
    budget bracket: phi(0.00)=0.5991  phi(1.57)=0.3060  want ~0.2800
    roll=1.571  skeleton phi=0.3060  +28 fillers -> phi=0.2499  void=0.92  cv=0.201  asym=4%
    rejected: y-seam contact density 0.43 of interior < 0.76
  attempt 3/128 (seed 2104)
    budget bracket: phi(0.00)=0.5756  phi(1.57)=0.3210  want ~0.2800
    roll=1.571  skeleton phi=0.3210  +45 fillers -> phi=0.2497  void=0.84  cv=0.190  asym=1%
    rejected: y-seam contact density 0.35 of interior < 0.76
  attempt 4/128 (seed 3104)
    budget bracket: phi(0.00)=0.6102  phi(1.57)=0.3218  want ~0.2800
    roll=1.571  skeleton phi=0.3218  +35 fillers -> phi=0.2500  void=0.86  cv=0.200  asym=2%
    rejected: y-seam contact density 0.60 of interior < 0.76
  attempt 5/128 (seed 4104)
    budget bracket: phi(0.00)=0.6933  phi(1.57)=0.3473  want ~0.2800
    roll=1.571  skeleton phi=0.3473  +60 fillers -> phi=0.2502  void=0.81  cv=0.183  asym=6%
    rejected: y-seam contact density 0.74 of interior < 0.76
  attempt 6/128 (seed 5104)
    budget bracket: phi(0.00)=0.5969  phi(1.57)=0.2619  want ~0.2800
    roll=1.325  skeleton phi=0.2775  +16 fillers -> phi=0.2501  void=1.00  cv=0.196  asym=4%
    rejected: largest void 1.00 mean-radii > 0.99; y-seam contact density 0.61 of interior < 0.76
  attempt 7/128 (seed 6104)
    budget bracket: phi(0.00)=0.6063  phi(1.57)=0.2744  want ~0.2800
    roll=1.374  skeleton phi=0.2769  +18 fillers -> phi=0.2501  void=1.02  cv=0.183  asym=2%
    rejected: largest void 1.02 mean-radii > 0.99; y-seam contact density 0.67 of interior < 0.76
  attempt 8/128 (seed 7104)
    budget bracket: phi(0.00)=0.6220  phi(1.57)=0.3062  want ~0.2800
    roll=1.571  skeleton phi=0.3062  +31 fillers -> phi=0.2502  void=0.93  cv=0.205  asym=3%
    rejected: y-seam contact density 0.70 of interior < 0.76
  attempt 9/128 (seed 8104)
    budget bracket: phi(0.00)=0.6933  phi(1.57)=0.3554  want ~0.2800
    roll=1.571  skeleton phi=0.3554  +67 fillers -> phi=0.2502  void=0.78  cv=0.182  asym=1%
    ACCEPTED

✅ /Users/jacksonbaglino/PetIGA-3.20/projects/enceladus_DSM/inputs/packings/keff_LR40/phi0.250_Rave50um_LR40_seed104
   porosity      0.2502 (target 0.2500)
   grains        360  (293 matrix + 67 filler)
   mean radius   46.75 um (requested 50.00)
   largest void  0.78 mean radii (gate 0.99)
   density cv    0.182 (gate 0.235)
   coordination  1.76
   half-domain   1.3% asymmetry (x 1.0, y 1.3; gate 22)
   rows written  400 (40 edge images)  -> /Users/jacksonbaglino/PetIGA-3.20/projects/enceladus_DSM/inputs/packings/keff_LR40/phi0.250_Rave50um_LR40_seed104/grains.dat
