  gates for target phi=0.325:  max_void_ratio 99.00   local_density_cv 99.000   asymmetry 9900%
Gravity-style packing: 1.000 x 1.000 mm, target phi=0.325, mean r=50.0 um, sigma_ln=0.5, periodic=xy
  attempt 1/128 (seed 1107)
    budget bracket: phi(0.00)=0.5334  phi(1.57)=0.2764  want ~0.3550
    roll=0.979  skeleton phi=0.3606  +7 fillers -> phi=0.3251  void=1.12  cv=0.290  asym=10%
    rejected: solid does not percolate (x=True, y=False); y-seam contact density 0.36 of interior < 0.76
  attempt 2/128 (seed 2107)
    budget bracket: phi(0.00)=0.6221  phi(1.57)=0.2832  want ~0.3550
    roll=0.911  skeleton phi=0.3369  +0 fillers -> phi=0.3226  void=2.19  cv=0.344  asym=21%
    rejected: y-seam contact density 0.55 of interior < 0.76
  attempt 3/128 (seed 3107)
    budget bracket: phi(0.00)=0.5582  phi(1.57)=0.2392  want ~0.3550
    roll=0.583  skeleton phi=0.3584  +5 fillers -> phi=0.3249  void=1.04  cv=0.260  asym=14%
    rejected: y-seam contact density 0.50 of interior < 0.76
  attempt 4/128 (seed 4107)
    budget bracket: phi(0.00)=0.5747  phi(1.57)=0.2689  want ~0.3550
    roll=1.227  skeleton phi=0.3472  +3 fillers -> phi=0.3249  void=1.30  cv=0.328  asym=16%
    rejected: solid does not percolate (x=False, y=False); y-seam contact density 0.50 of interior < 0.76
  attempt 5/128 (seed 5107)
    budget bracket: phi(0.00)=0.5947  phi(1.57)=0.2794  want ~0.3550
    roll=1.129  skeleton phi=0.3495  +2 fillers -> phi=0.3249  void=1.66  cv=0.335  asym=14%
    rejected: y-seam contact density 0.58 of interior < 0.76
  attempt 6/128 (seed 6107)
    budget bracket: phi(0.00)=0.5271  phi(1.57)=0.2444  want ~0.3550
    roll=0.908  skeleton phi=0.3621  +6 fillers -> phi=0.3248  void=1.02  cv=0.286  asym=15%
    rejected: y-seam contact density 0.66 of interior < 0.76
  attempt 7/128 (seed 7107)
    budget bracket: phi(0.00)=0.6426  phi(1.57)=0.3001  want ~0.3550
    roll=1.177  skeleton phi=0.3515  +1 fillers -> phi=0.3250  void=2.02  cv=0.332  asym=9%
    rejected: solid does not percolate (x=False, y=True); y-seam contact density 0.68 of interior < 0.76
  attempt 8/128 (seed 8107)
    budget bracket: phi(0.00)=0.6133  phi(1.57)=0.2730  want ~0.3550
    roll=0.770  skeleton phi=0.3550  +4 fillers -> phi=0.3249  void=1.20  cv=0.262  asym=7%
    rejected: y-seam contact density 0.50 of interior < 0.76
  attempt 9/128 (seed 9107)
    budget bracket: phi(0.00)=0.6381  phi(1.57)=0.2754  want ~0.3550
    roll=0.957  skeleton phi=0.3538  +3 fillers -> phi=0.3251  void=1.21  cv=0.284  asym=3%
    ACCEPTED

✅ /Users/jacksonbaglino/PetIGA-3.20/projects/enceladus_DSM/inputs/packings/rve_phi0.325/phi0.325_Rave50um_LR20_seed1107
   porosity      0.3251 (target 0.3250)
   grains        76  (73 matrix + 3 filler)
   mean radius   48.43 um (requested 50.00)
   largest void  1.21 mean radii (gate 99.00)
   density cv    0.284 (gate 99.000)
   coordination  2.05
   half-domain   2.5% asymmetry (x 2.5, y 1.1; gate 9900)
   rows written  89 (13 edge images)  -> /Users/jacksonbaglino/PetIGA-3.20/projects/enceladus_DSM/inputs/packings/rve_phi0.325/phi0.325_Rave50um_LR20_seed1107/grains.dat
