  gates for target phi=0.475:  max_void_ratio 2.04   local_density_cv 0.572   asymmetry 22%
Gravity-style packing: 2.000 x 2.000 mm, target phi=0.475, mean r=50.0 um, sigma_ln=0.5, periodic=xy
  attempt 1/128 (seed 903)
    budget bracket: phi(0.00)=0.5580  phi(1.57)=0.2840  want ~0.5050
    roll=0.393  skeleton phi=0.5020  +18 fillers -> phi=0.4750  void=1.95  cv=0.503  asym=8%
    rejected: y-seam contact density 0.42 of interior < 0.76
  attempt 2/128 (seed 1903)
    budget bracket: phi(0.00)=0.5883  phi(1.57)=0.2730  want ~0.5050
    roll=0.515  skeleton phi=0.5053  +11 fillers -> phi=0.4750  void=2.07  cv=0.537  asym=5%
    rejected: largest void 2.07 mean-radii > 2.04; y-seam contact density 0.55 of interior < 0.76
  attempt 3/128 (seed 2903)
    budget bracket: phi(0.00)=0.5703  phi(1.57)=0.2767  want ~0.5050
    roll=0.400  skeleton phi=0.5007  +14 fillers -> phi=0.4750  void=1.72  cv=0.481  asym=8%
    rejected: y-seam contact density 0.51 of interior < 0.76
  attempt 4/128 (seed 3903)
    budget bracket: phi(0.00)=0.6044  phi(1.57)=0.3184  want ~0.5050
    roll=0.540  skeleton phi=0.5038  +9 fillers -> phi=0.4751  void=2.33  cv=0.551  asym=13%
    rejected: largest void 2.33 mean-radii > 2.04
  attempt 5/128 (seed 4903)
    budget bracket: phi(0.00)=0.6333  phi(1.57)=0.2950  want ~0.5050
    roll=0.626  skeleton phi=0.5023  +15 fillers -> phi=0.4749  void=2.19  cv=0.542  asym=21%
    rejected: largest void 2.19 mean-radii > 2.04; y-seam contact density 0.55 of interior < 0.76
  attempt 6/128 (seed 5903)
    budget bracket: phi(0.00)=0.6074  phi(1.57)=0.2744  want ~0.5050
    roll=0.491  skeleton phi=0.5037  +13 fillers -> phi=0.4748  void=2.10  cv=0.501  asym=11%
    rejected: largest void 2.10 mean-radii > 2.04; y-seam contact density 0.59 of interior < 0.76
  attempt 7/128 (seed 6903)
    budget bracket: phi(0.00)=0.5869  phi(1.57)=0.2817  want ~0.5050
    roll=0.359  skeleton phi=0.5030  +10 fillers -> phi=0.4752  void=2.03  cv=0.490  asym=8%
    rejected: y-seam contact density 0.66 of interior < 0.76
  attempt 8/128 (seed 7903)
    budget bracket: phi(0.00)=0.5891  phi(1.57)=0.3407  want ~0.5050
    roll=0.589  skeleton phi=0.5083  +14 fillers -> phi=0.4751  void=2.24  cv=0.543  asym=26%
    rejected: largest void 2.24 mean-radii > 2.04; y-seam contact density 0.72 of interior < 0.76; half-domain asymmetry 25.8% (x 25.8, y 15.2) > 22%
  attempt 9/128 (seed 8903)
    budget bracket: phi(0.00)=0.6151  phi(1.57)=0.2820  want ~0.5050
    roll=0.491  skeleton phi=0.5014  +12 fillers -> phi=0.4750  void=1.99  cv=0.515  asym=2%
    rejected: y-seam contact density 0.52 of interior < 0.76
  attempt 10/128 (seed 9903)
    budget bracket: phi(0.00)=0.5427  phi(1.57)=0.2889  want ~0.5050
    roll=0.295  skeleton phi=0.5072  +13 fillers -> phi=0.4750  void=1.97  cv=0.493  asym=6%
    rejected: y-seam contact density 0.29 of interior < 0.76
  attempt 11/128 (seed 10903)
    budget bracket: phi(0.00)=0.5866  phi(1.57)=0.2924  want ~0.5050
    roll=0.710  skeleton phi=0.5091  +14 fillers -> phi=0.4749  void=1.96  cv=0.535  asym=6%
    rejected: y-seam contact density 0.62 of interior < 0.76
  attempt 12/128 (seed 11903)
    budget bracket: phi(0.00)=0.6194  phi(1.57)=0.2700  want ~0.5050
    roll=0.491  skeleton phi=0.5037  +12 fillers -> phi=0.4750  void=2.28  cv=0.550  asym=15%
    rejected: largest void 2.28 mean-radii > 2.04; y-seam contact density 0.76 of interior < 0.76
  attempt 13/128 (seed 12903)
    budget bracket: phi(0.00)=0.5728  phi(1.57)=0.2825  want ~0.5050
    roll=0.491  skeleton phi=0.5078  +14 fillers -> phi=0.4750  void=1.96  cv=0.527  asym=7%
    ACCEPTED

✅ /Users/jacksonbaglino/PetIGA-3.20/projects/enceladus_DSM/inputs/packings/keff_LR40/phi0.475_Rave50um_LR40_seed903
   porosity      0.4750 (target 0.4750)
   grains        246  (232 matrix + 14 filler)
   mean radius   47.38 um (requested 50.00)
   largest void  1.96 mean radii (gate 2.04)
   density cv    0.527 (gate 0.572)
   coordination  1.89
   half-domain   7.1% asymmetry (x 7.1, y 0.7; gate 22)
   rows written  268 (22 edge images)  -> /Users/jacksonbaglino/PetIGA-3.20/projects/enceladus_DSM/inputs/packings/keff_LR40/phi0.475_Rave50um_LR40_seed903/grains.dat
