  gates for target phi=0.250:  max_void_ratio 0.99   local_density_cv 0.235   asymmetry 22%
Gravity-style packing: 2.000 x 2.000 mm, target phi=0.25, mean r=50.0 um, sigma_ln=0.5, periodic=xy
  attempt 1/128 (seed 105)
    budget bracket: phi(0.00)=0.5985  phi(1.57)=0.2650  want ~0.2800
    roll=1.473  skeleton phi=0.2884  +27 fillers -> phi=0.2498  void=0.90  cv=0.182  asym=2%
    rejected: y-seam contact density 0.65 of interior < 0.76
  attempt 2/128 (seed 1105)
    budget bracket: phi(0.00)=0.5532  phi(1.57)=0.3144  want ~0.2800
    roll=1.571  skeleton phi=0.3144  +31 fillers -> phi=0.2500  void=0.94  cv=0.199  asym=8%
    rejected: y-seam contact density 0.68 of interior < 0.76
  attempt 3/128 (seed 2105)
    budget bracket: phi(0.00)=0.5818  phi(1.57)=0.2683  want ~0.2800
    roll=1.433  skeleton phi=0.2821  +12 fillers -> phi=0.2500  void=1.05  cv=0.210  asym=1%
    rejected: largest void 1.05 mean-radii > 0.99; y-seam contact density 0.69 of interior < 0.76
  attempt 4/128 (seed 3105)
    budget bracket: phi(0.00)=0.6334  phi(1.57)=0.2734  want ~0.2800
    roll=1.559  skeleton phi=0.2779  +15 fillers -> phi=0.2502  void=1.05  cv=0.212  asym=3%
    rejected: largest void 1.05 mean-radii > 0.99; y-seam contact density 0.61 of interior < 0.76
  attempt 5/128 (seed 4105)
    budget bracket: phi(0.00)=0.5957  phi(1.57)=0.2708  want ~0.2800
    roll=1.552  skeleton phi=0.2813  +20 fillers -> phi=0.2497  void=0.98  cv=0.207  asym=6%
    rejected: y-seam contact density 0.59 of interior < 0.76
  attempt 6/128 (seed 5105)
    budget bracket: phi(0.00)=0.6223  phi(1.57)=0.2836  want ~0.2800
    roll=1.571  skeleton phi=0.2836  +13 fillers -> phi=0.2503  void=1.05  cv=0.198  asym=2%
    rejected: largest void 1.05 mean-radii > 0.99; y-seam contact density 0.54 of interior < 0.76
  attempt 7/128 (seed 6105)
    budget bracket: phi(0.00)=0.6341  phi(1.57)=0.2639  want ~0.2800
    roll=1.509  skeleton phi=0.2819  +17 fillers -> phi=0.2499  void=1.03  cv=0.205  asym=3%
    rejected: largest void 1.03 mean-radii > 0.99; y-seam contact density 0.44 of interior < 0.76
  attempt 8/128 (seed 7105)
    budget bracket: phi(0.00)=0.6330  phi(1.57)=0.2929  want ~0.2800
    roll=1.571  skeleton phi=0.2929  +19 fillers -> phi=0.2500  void=1.00  cv=0.216  asym=7%
    rejected: largest void 1.00 mean-radii > 0.99
  attempt 9/128 (seed 8105)
    budget bracket: phi(0.00)=0.5935  phi(1.57)=0.3007  want ~0.2800
    roll=1.571  skeleton phi=0.3007  +26 fillers -> phi=0.2497  void=0.96  cv=0.185  asym=0%
    rejected: y-seam contact density 0.63 of interior < 0.76
  attempt 10/128 (seed 9105)
    budget bracket: phi(0.00)=0.6256  phi(1.57)=0.3101  want ~0.2800
    roll=1.571  skeleton phi=0.3101  +33 fillers -> phi=0.2501  void=0.93  cv=0.195  asym=3%
    rejected: y-seam contact density 0.50 of interior < 0.76
  attempt 11/128 (seed 10105)
    budget bracket: phi(0.00)=0.6070  phi(1.57)=0.3373  want ~0.2800
    roll=1.571  skeleton phi=0.3373  +56 fillers -> phi=0.2497  void=0.82  cv=0.182  asym=4%
    ACCEPTED

✅ /Users/jacksonbaglino/PetIGA-3.20/projects/enceladus_DSM/inputs/packings/keff_LR40/phi0.250_Rave50um_LR40_seed105
   porosity      0.2497 (target 0.2500)
   grains        351  (295 matrix + 56 filler)
   mean radius   47.56 um (requested 50.00)
   largest void  0.82 mean radii (gate 0.99)
   density cv    0.182 (gate 0.235)
   coordination  2.01
   half-domain   3.8% asymmetry (x 3.8, y 3.7; gate 22)
   rows written  387 (36 edge images)  -> /Users/jacksonbaglino/PetIGA-3.20/projects/enceladus_DSM/inputs/packings/keff_LR40/phi0.250_Rave50um_LR40_seed105/grains.dat
