  gates for target phi=0.350:  max_void_ratio 1.46   local_density_cv 0.385   asymmetry 22%
Gravity-style packing: 2.000 x 2.000 mm, target phi=0.35, mean r=50.0 um, sigma_ln=0.5, periodic=xy
  attempt 1/128 (seed 401)
    budget bracket: phi(0.00)=0.6123  phi(1.57)=0.3047  want ~0.3800
    roll=1.178  skeleton phi=0.3822  +16 fillers -> phi=0.3502  void=1.52  cv=0.350  asym=10%
    rejected: largest void 1.52 mean-radii > 1.46
  attempt 2/128 (seed 1401)
    budget bracket: phi(0.00)=0.5873  phi(1.57)=0.2887  want ~0.3800
    roll=0.950  skeleton phi=0.3736  +15 fillers -> phi=0.3501  void=1.59  cv=0.360  asym=8%
    rejected: largest void 1.59 mean-radii > 1.46; y-seam contact density 0.43 of interior < 0.76
  attempt 3/128 (seed 2401)
    budget bracket: phi(0.00)=0.5739  phi(1.57)=0.2872  want ~0.3800
    roll=0.934  skeleton phi=0.3807  +16 fillers -> phi=0.3501  void=1.39  cv=0.342  asym=9%
    rejected: y-seam contact density 0.68 of interior < 0.76
  attempt 4/128 (seed 3401)
    budget bracket: phi(0.00)=0.5891  phi(1.57)=0.2911  want ~0.3800
    roll=1.179  skeleton phi=0.3756  +7 fillers -> phi=0.3498  void=1.82  cv=0.367  asym=7%
    rejected: largest void 1.82 mean-radii > 1.46; y-seam contact density 0.70 of interior < 0.76
  attempt 5/128 (seed 4401)
    budget bracket: phi(0.00)=0.6272  phi(1.57)=0.2877  want ~0.3800
    roll=1.013  skeleton phi=0.3764  +16 fillers -> phi=0.3499  void=1.50  cv=0.356  asym=13%
    rejected: largest void 1.50 mean-radii > 1.46
  attempt 6/128 (seed 5401)
    budget bracket: phi(0.00)=0.6270  phi(1.57)=0.2724  want ~0.3800
    roll=0.908  skeleton phi=0.3784  +13 fillers -> phi=0.3498  void=1.49  cv=0.347  asym=13%
    rejected: largest void 1.49 mean-radii > 1.46; solid does not percolate (x=False, y=True); y-seam contact density 0.62 of interior < 0.76
  attempt 7/128 (seed 6401)
    budget bracket: phi(0.00)=0.5708  phi(1.57)=0.2590  want ~0.3800
    roll=0.785  skeleton phi=0.3837  +12 fillers -> phi=0.3500  void=1.31  cv=0.324  asym=5%
    rejected: y-seam contact density 0.76 of interior < 0.76
  attempt 8/128 (seed 7401)
    budget bracket: phi(0.00)=0.6195  phi(1.57)=0.3591  want ~0.3800
    roll=0.982  skeleton phi=0.3744  +9 fillers -> phi=0.3497  void=1.69  cv=0.364  asym=10%
    rejected: largest void 1.69 mean-radii > 1.46
  attempt 9/128 (seed 8401)
    budget bracket: phi(0.00)=0.5987  phi(1.57)=0.2650  want ~0.3800
    roll=0.884  skeleton phi=0.3840  +17 fillers -> phi=0.3501  void=1.52  cv=0.345  asym=11%
    rejected: largest void 1.52 mean-radii > 1.46; y-seam contact density 0.54 of interior < 0.76
  attempt 10/128 (seed 9401)
    budget bracket: phi(0.00)=0.6127  phi(1.57)=0.3062  want ~0.3800
    roll=1.057  skeleton phi=0.3807  +15 fillers -> phi=0.3501  void=1.55  cv=0.357  asym=8%
    rejected: largest void 1.55 mean-radii > 1.46; y-seam contact density 0.64 of interior < 0.76
  attempt 11/128 (seed 10401)
    budget bracket: phi(0.00)=0.6346  phi(1.57)=0.3349  want ~0.3800
    roll=1.374  skeleton phi=0.3815  +11 fillers -> phi=0.3502  void=1.66  cv=0.365  asym=5%
    rejected: largest void 1.66 mean-radii > 1.46; y-seam contact density 0.39 of interior < 0.76
  attempt 12/128 (seed 11401)
    budget bracket: phi(0.00)=0.5968  phi(1.57)=0.2877  want ~0.3800
    roll=0.920  skeleton phi=0.3857  +15 fillers -> phi=0.3500  void=1.40  cv=0.340  asym=1%
    rejected: y-seam contact density 0.68 of interior < 0.76
  attempt 13/128 (seed 12401)
    budget bracket: phi(0.00)=0.6432  phi(1.57)=0.2970  want ~0.3800
    roll=0.982  skeleton phi=0.3768  +13 fillers -> phi=0.3497  void=1.38  cv=0.332  asym=14%
    rejected: y-seam contact density 0.41 of interior < 0.76
  attempt 14/128 (seed 13401)
    budget bracket: phi(0.00)=0.5690  phi(1.57)=0.2643  want ~0.3800
    roll=0.712  skeleton phi=0.3774  +11 fillers -> phi=0.3500  void=1.46  cv=0.338  asym=2%
    rejected: largest void 1.46 mean-radii > 1.46
  attempt 15/128 (seed 14401)
    budget bracket: phi(0.00)=0.6022  phi(1.57)=0.2913  want ~0.3800
    roll=1.104  skeleton phi=0.3812  +13 fillers -> phi=0.3500  void=1.55  cv=0.360  asym=12%
    rejected: largest void 1.55 mean-radii > 1.46; y-seam contact density 0.73 of interior < 0.76
  attempt 16/128 (seed 15401)
    budget bracket: phi(0.00)=0.6134  phi(1.57)=0.3033  want ~0.3800
    roll=1.083  skeleton phi=0.3758  +16 fillers -> phi=0.3499  void=1.55  cv=0.363  asym=12%
    rejected: largest void 1.55 mean-radii > 1.46
  attempt 17/128 (seed 16401)
    budget bracket: phi(0.00)=0.5877  phi(1.57)=0.2810  want ~0.3800
    roll=0.982  skeleton phi=0.3765  +6 fillers -> phi=0.3500  void=1.88  cv=0.337  asym=8%
    rejected: largest void 1.88 mean-radii > 1.46; y-seam contact density 0.38 of interior < 0.76
  attempt 18/128 (seed 17401)
    budget bracket: phi(0.00)=0.6289  phi(1.57)=0.3024  want ~0.3800
    roll=0.982  skeleton phi=0.3780  +16 fillers -> phi=0.3499  void=1.45  cv=0.359  asym=10%
    rejected: y-seam contact density 0.58 of interior < 0.76
  attempt 19/128 (seed 18401)
    budget bracket: phi(0.00)=0.6090  phi(1.57)=0.3039  want ~0.3800
    roll=1.252  skeleton phi=0.3790  +16 fillers -> phi=0.3500  void=1.61  cv=0.395  asym=15%
    rejected: largest void 1.61 mean-radii > 1.46; local_density_cv 0.395 > 0.385; y-seam contact density 0.58 of interior < 0.76
  attempt 20/128 (seed 19401)
    budget bracket: phi(0.00)=0.5838  phi(1.57)=0.2794  want ~0.3800
    roll=0.785  skeleton phi=0.3795  +16 fillers -> phi=0.3500  void=1.49  cv=0.342  asym=4%
    rejected: largest void 1.49 mean-radii > 1.46; y-seam contact density 0.64 of interior < 0.76
  attempt 21/128 (seed 20401)
    budget bracket: phi(0.00)=0.6425  phi(1.57)=0.3382  want ~0.3800
    roll=1.178  skeleton phi=0.3847  +13 fillers -> phi=0.3499  void=1.54  cv=0.344  asym=8%
    rejected: largest void 1.54 mean-radii > 1.46; y-seam contact density 0.71 of interior < 0.76
  attempt 22/128 (seed 21401)
    budget bracket: phi(0.00)=0.6066  phi(1.57)=0.2694  want ~0.3800
    roll=0.902  skeleton phi=0.3824  +19 fillers -> phi=0.3500  void=1.38  cv=0.340  asym=9%
    rejected: y-seam contact density 0.61 of interior < 0.76
  attempt 23/128 (seed 22401)
    budget bracket: phi(0.00)=0.6178  phi(1.57)=0.2588  want ~0.3800
    roll=0.859  skeleton phi=0.3756  +10 fillers -> phi=0.3498  void=1.60  cv=0.341  asym=4%
    rejected: largest void 1.60 mean-radii > 1.46; y-seam contact density 0.65 of interior < 0.76
  attempt 24/128 (seed 23401)
    budget bracket: phi(0.00)=0.6473  phi(1.57)=0.2924  want ~0.3800
    roll=0.982  skeleton phi=0.3829  +12 fillers -> phi=0.3500  void=1.88  cv=0.372  asym=6%
    rejected: largest void 1.88 mean-radii > 1.46; y-seam contact density 0.56 of interior < 0.76
  attempt 25/128 (seed 24401)
    budget bracket: phi(0.00)=0.6179  phi(1.57)=0.3060  want ~0.3800
    roll=0.982  skeleton phi=0.3801  +14 fillers -> phi=0.3502  void=1.56  cv=0.345  asym=5%
    rejected: largest void 1.56 mean-radii > 1.46; y-seam contact density 0.48 of interior < 0.76
  attempt 26/128 (seed 25401)
    budget bracket: phi(0.00)=0.5903  phi(1.57)=0.2671  want ~0.3800
    roll=0.834  skeleton phi=0.3803  +10 fillers -> phi=0.3498  void=1.57  cv=0.341  asym=5%
    rejected: largest void 1.57 mean-radii > 1.46; y-seam contact density 0.57 of interior < 0.76
  attempt 27/128 (seed 26401)
    budget bracket: phi(0.00)=0.6099  phi(1.57)=0.3670  want ~0.3800
    roll=1.178  skeleton phi=0.3787  +20 fillers -> phi=0.3498  void=1.40  cv=0.353  asym=2%
    rejected: y-seam contact density 0.60 of interior < 0.76
  attempt 28/128 (seed 27401)
    budget bracket: phi(0.00)=0.5767  phi(1.57)=0.2577  want ~0.3800
    roll=0.853  skeleton phi=0.3796  +10 fillers -> phi=0.3499  void=1.69  cv=0.360  asym=7%
    rejected: largest void 1.69 mean-radii > 1.46; y-seam contact density 0.72 of interior < 0.76
  attempt 29/128 (seed 28401)
    budget bracket: phi(0.00)=0.6534  phi(1.57)=0.2805  want ~0.3800
    roll=0.933  skeleton phi=0.3823  +15 fillers -> phi=0.3498  void=1.45  cv=0.342  asym=7%
    ACCEPTED

✅ /Users/jacksonbaglino/PetIGA-3.20/projects/enceladus_DSM/inputs/packings/keff_LR40/phi0.350_Rave50um_LR40_seed401
   porosity      0.3498 (target 0.3500)
   grains        294  (279 matrix + 15 filler)
   mean radius   48.93 um (requested 50.00)
   largest void  1.45 mean radii (gate 1.46)
   density cv    0.342 (gate 0.385)
   coordination  2.07
   half-domain   6.7% asymmetry (x 0.8, y 6.7; gate 22)
   rows written  322 (28 edge images)  -> /Users/jacksonbaglino/PetIGA-3.20/projects/enceladus_DSM/inputs/packings/keff_LR40/phi0.350_Rave50um_LR40_seed401/grains.dat
