  gates for target phi=0.425:  max_void_ratio 99.00   local_density_cv 99.000   asymmetry 9900%
Gravity-style packing: 2.000 x 2.000 mm, target phi=0.425, mean r=50.0 um, sigma_ln=0.5, periodic=xy
  attempt 1/128 (seed 1902)
    budget bracket: phi(0.00)=0.5650  phi(1.57)=0.2649  want ~0.4550
    roll=0.522  skeleton phi=0.4492  +12 fillers -> phi=0.4251  void=1.73  cv=0.419  asym=7%
    rejected: y-seam contact density 0.61 of interior < 0.76
  attempt 2/128 (seed 2902)
    budget bracket: phi(0.00)=0.6088  phi(1.57)=0.3145  want ~0.4550
    roll=0.606  skeleton phi=0.4594  +15 fillers -> phi=0.4248  void=1.84  cv=0.457  asym=7%
    rejected: y-seam contact density 0.47 of interior < 0.76
  attempt 3/128 (seed 3902)
    budget bracket: phi(0.00)=0.5998  phi(1.57)=0.2821  want ~0.4550
    roll=0.589  skeleton phi=0.4545  +10 fillers -> phi=0.4250  void=1.81  cv=0.460  asym=9%
    rejected: y-seam contact density 0.37 of interior < 0.76
  attempt 4/128 (seed 4902)
    budget bracket: phi(0.00)=0.6124  phi(1.57)=0.3118  want ~0.4550
    roll=0.589  skeleton phi=0.4523  +19 fillers -> phi=0.4252  void=1.57  cv=0.436  asym=3%
    ACCEPTED

✅ /Users/jacksonbaglino/PetIGA-3.20/projects/enceladus_DSM/inputs/packings/keff_LR40/phi0.425_Rave50um_LR40_seed1902
   porosity      0.4252 (target 0.4250)
   grains        251  (232 matrix + 19 filler)
   mean radius   48.96 um (requested 50.00)
   largest void  1.57 mean radii (gate 99.00)
   density cv    0.436 (gate 99.000)
   coordination  1.84
   half-domain   3.4% asymmetry (x 2.2, y 3.4; gate 9900)
   rows written  276 (25 edge images)  -> /Users/jacksonbaglino/PetIGA-3.20/projects/enceladus_DSM/inputs/packings/keff_LR40/phi0.425_Rave50um_LR40_seed1902/grains.dat
