  gates for target phi=0.325:  max_void_ratio 1.34   local_density_cv 0.348   asymmetry 22%
Gravity-style packing: 2.000 x 2.000 mm, target phi=0.325, mean r=50.0 um, sigma_ln=0.5, periodic=xy
  attempt 1/128 (seed 302)
    budget bracket: phi(0.00)=0.5601  phi(1.57)=0.2882  want ~0.3550
    roll=0.884  skeleton phi=0.3551  +12 fillers -> phi=0.3251  void=1.51  cv=0.320  asym=1%
    rejected: largest void 1.51 mean-radii > 1.34; y-seam contact density 0.31 of interior < 0.76
  attempt 2/128 (seed 1302)
    budget bracket: phi(0.00)=0.5812  phi(1.57)=0.2766  want ~0.3550
    roll=1.178  skeleton phi=0.3559  +6 fillers -> phi=0.3249  void=1.86  cv=0.337  asym=6%
    rejected: largest void 1.86 mean-radii > 1.34; y-seam contact density 0.69 of interior < 0.76
  attempt 3/128 (seed 2302)
    budget bracket: phi(0.00)=0.5890  phi(1.57)=0.3067  want ~0.3550
    roll=1.190  skeleton phi=0.3557  +9 fillers -> phi=0.3252  void=1.65  cv=0.320  asym=6%
    rejected: largest void 1.65 mean-radii > 1.34; y-seam contact density 0.60 of interior < 0.76
  attempt 4/128 (seed 3302)
    budget bracket: phi(0.00)=0.5763  phi(1.57)=0.2870  want ~0.3550
    roll=1.141  skeleton phi=0.3563  +11 fillers -> phi=0.3248  void=1.49  cv=0.314  asym=6%
    rejected: largest void 1.49 mean-radii > 1.34; y-seam contact density 0.32 of interior < 0.76
  attempt 5/128 (seed 4302)
    budget bracket: phi(0.00)=0.5949  phi(1.57)=0.2727  want ~0.3550
    roll=1.080  skeleton phi=0.3545  +12 fillers -> phi=0.3251  void=1.53  cv=0.313  asym=4%
    rejected: largest void 1.53 mean-radii > 1.34; y-seam contact density 0.70 of interior < 0.76
  attempt 6/128 (seed 5302)
    budget bracket: phi(0.00)=0.6330  phi(1.57)=0.2744  want ~0.3550
    roll=1.120  skeleton phi=0.3589  +23 fillers -> phi=0.3252  void=1.25  cv=0.311  asym=6%
    rejected: y-seam contact density 0.49 of interior < 0.76
  attempt 7/128 (seed 6302)
    budget bracket: phi(0.00)=0.6024  phi(1.57)=0.3402  want ~0.3550
    roll=1.252  skeleton phi=0.3579  +13 fillers -> phi=0.3252  void=1.38  cv=0.306  asym=8%
    rejected: largest void 1.38 mean-radii > 1.34; y-seam contact density 0.75 of interior < 0.76
  attempt 8/128 (seed 7302)
    budget bracket: phi(0.00)=0.6176  phi(1.57)=0.2887  want ~0.3550
    roll=1.080  skeleton phi=0.3565  +13 fillers -> phi=0.3255  void=1.37  cv=0.304  asym=9%
    rejected: largest void 1.37 mean-radii > 1.34; y-seam contact density 0.54 of interior < 0.76
  attempt 9/128 (seed 8302)
    budget bracket: phi(0.00)=0.5834  phi(1.57)=0.2798  want ~0.3550
    roll=1.031  skeleton phi=0.3539  +12 fillers -> phi=0.3250  void=1.42  cv=0.295  asym=9%
    rejected: largest void 1.42 mean-radii > 1.34; y-seam contact density 0.69 of interior < 0.76
  attempt 10/128 (seed 9302)
    budget bracket: phi(0.00)=0.6059  phi(1.57)=0.3006  want ~0.3550
    roll=1.080  skeleton phi=0.3511  +9 fillers -> phi=0.3249  void=1.63  cv=0.322  asym=10%
    rejected: largest void 1.63 mean-radii > 1.34
  attempt 11/128 (seed 10302)
    budget bracket: phi(0.00)=0.6495  phi(1.57)=0.3273  want ~0.3550
    roll=1.423  skeleton phi=0.3590  +17 fillers -> phi=0.3251  void=1.41  cv=0.298  asym=5%
    rejected: largest void 1.41 mean-radii > 1.34; y-seam contact density 0.64 of interior < 0.76
  attempt 12/128 (seed 11302)
    budget bracket: phi(0.00)=0.5938  phi(1.57)=0.2868  want ~0.3550
    roll=1.123  skeleton phi=0.3530  +14 fillers -> phi=0.3250  void=1.25  cv=0.288  asym=7%
    rejected: y-seam contact density 0.28 of interior < 0.76
  attempt 13/128 (seed 12302)
    budget bracket: phi(0.00)=0.5719  phi(1.57)=0.2747  want ~0.3550
    roll=0.963  skeleton phi=0.3512  +11 fillers -> phi=0.3252  void=1.38  cv=0.303  asym=3%
    rejected: largest void 1.38 mean-radii > 1.34; y-seam contact density 0.74 of interior < 0.76
  attempt 14/128 (seed 13302)
    budget bracket: phi(0.00)=0.5999  phi(1.57)=0.2649  want ~0.3550
    roll=1.086  skeleton phi=0.3567  +18 fillers -> phi=0.3248  void=1.34  cv=0.324  asym=5%
    rejected: largest void 1.34 mean-radii > 1.34
  attempt 15/128 (seed 14302)
    budget bracket: phi(0.00)=0.5693  phi(1.57)=0.2960  want ~0.3550
    roll=0.982  skeleton phi=0.3571  +16 fillers -> phi=0.3251  void=1.36  cv=0.303  asym=8%
    rejected: largest void 1.36 mean-radii > 1.34; y-seam contact density 0.61 of interior < 0.76
  attempt 16/128 (seed 15302)
    budget bracket: phi(0.00)=0.6043  phi(1.57)=0.2858  want ~0.3550
    roll=1.180  skeleton phi=0.3548  +12 fillers -> phi=0.3252  void=1.46  cv=0.310  asym=10%
    rejected: largest void 1.46 mean-radii > 1.34; y-seam contact density 0.42 of interior < 0.76
  attempt 17/128 (seed 16302)
    budget bracket: phi(0.00)=0.6302  phi(1.57)=0.3053  want ~0.3550
    roll=1.374  skeleton phi=0.3512  +15 fillers -> phi=0.3249  void=1.28  cv=0.306  asym=7%
    rejected: y-seam contact density 0.55 of interior < 0.76
  attempt 18/128 (seed 17302)
    budget bracket: phi(0.00)=0.5534  phi(1.57)=0.2748  want ~0.3550
    roll=1.019  skeleton phi=0.3559  +9 fillers -> phi=0.3249  void=1.52  cv=0.313  asym=6%
    rejected: largest void 1.52 mean-radii > 1.34; y-seam contact density 0.71 of interior < 0.76
  attempt 19/128 (seed 18302)
    budget bracket: phi(0.00)=0.6235  phi(1.57)=0.2745  want ~0.3550
    roll=0.956  skeleton phi=0.3564  +12 fillers -> phi=0.3251  void=1.37  cv=0.317  asym=11%
    rejected: largest void 1.37 mean-radii > 1.34; y-seam contact density 0.49 of interior < 0.76
  attempt 20/128 (seed 19302)
    budget bracket: phi(0.00)=0.5994  phi(1.57)=0.2682  want ~0.3550
    roll=1.184  skeleton phi=0.3518  +6 fillers -> phi=0.3250  void=1.72  cv=0.332  asym=3%
    rejected: largest void 1.72 mean-radii > 1.34; y-seam contact density 0.73 of interior < 0.76
  attempt 21/128 (seed 20302)
    budget bracket: phi(0.00)=0.6516  phi(1.57)=0.3241  want ~0.3550
    roll=1.178  skeleton phi=0.3540  +8 fillers -> phi=0.3249  void=1.64  cv=0.340  asym=11%
    rejected: largest void 1.64 mean-radii > 1.34; y-seam contact density 0.55 of interior < 0.76
  attempt 22/128 (seed 21302)
    budget bracket: phi(0.00)=0.5973  phi(1.57)=0.2649  want ~0.3550
    roll=1.081  skeleton phi=0.3541  +11 fillers -> phi=0.3251  void=1.39  cv=0.312  asym=7%
    rejected: largest void 1.39 mean-radii > 1.34; y-seam contact density 0.65 of interior < 0.76
  attempt 23/128 (seed 22302)
    budget bracket: phi(0.00)=0.6245  phi(1.57)=0.2866  want ~0.3550
    roll=1.083  skeleton phi=0.3532  +10 fillers -> phi=0.3255  void=1.43  cv=0.324  asym=5%
    rejected: largest void 1.43 mean-radii > 1.34; y-seam contact density 0.63 of interior < 0.76
  attempt 24/128 (seed 23302)
    budget bracket: phi(0.00)=0.5705  phi(1.57)=0.2562  want ~0.3550
    roll=0.884  skeleton phi=0.3509  +12 fillers -> phi=0.3247  void=1.48  cv=0.317  asym=16%
    rejected: largest void 1.48 mean-radii > 1.34; y-seam contact density 0.54 of interior < 0.76
  attempt 25/128 (seed 24302)
    budget bracket: phi(0.00)=0.6172  phi(1.57)=0.2764  want ~0.3550
    roll=0.982  skeleton phi=0.3537  +13 fillers -> phi=0.3248  void=1.33  cv=0.283  asym=3%
    rejected: y-seam contact density 0.39 of interior < 0.76
  attempt 26/128 (seed 25302)
    budget bracket: phi(0.00)=0.6271  phi(1.57)=0.2997  want ~0.3550
    roll=1.080  skeleton phi=0.3514  +16 fillers -> phi=0.3249  void=1.36  cv=0.324  asym=3%
    rejected: largest void 1.36 mean-radii > 1.34; y-seam contact density 0.39 of interior < 0.76
  attempt 27/128 (seed 26302)
    budget bracket: phi(0.00)=0.6116  phi(1.57)=0.2995  want ~0.3550
    roll=1.003  skeleton phi=0.3485  +12 fillers -> phi=0.3250  void=1.44  cv=0.315  asym=5%
    rejected: largest void 1.44 mean-radii > 1.34; solid does not percolate (x=False, y=True); y-seam contact density 0.69 of interior < 0.76
  attempt 28/128 (seed 27302)
    budget bracket: phi(0.00)=0.5924  phi(1.57)=0.3093  want ~0.3550
    roll=1.019  skeleton phi=0.3570  +15 fillers -> phi=0.3253  void=1.28  cv=0.317  asym=9%
    ACCEPTED

✅ /Users/jacksonbaglino/PetIGA-3.20/projects/enceladus_DSM/inputs/packings/keff_LR40/phi0.325_Rave50um_LR40_seed302
   porosity      0.3253 (target 0.3250)
   grains        308  (293 matrix + 15 filler)
   mean radius   48.42 um (requested 50.00)
   largest void  1.28 mean radii (gate 1.34)
   density cv    0.317 (gate 0.348)
   coordination  2.09
   half-domain   8.8% asymmetry (x 8.8, y 2.8; gate 22)
   rows written  340 (32 edge images)  -> /Users/jacksonbaglino/PetIGA-3.20/projects/enceladus_DSM/inputs/packings/keff_LR40/phi0.325_Rave50um_LR40_seed302/grains.dat
