  gates for target phi=0.250:  max_void_ratio 0.99   local_density_cv 0.235   asymmetry 22%
Gravity-style packing: 2.000 x 2.000 mm, target phi=0.25, mean r=50.0 um, sigma_ln=0.5, periodic=xy
  attempt 1/128 (seed 101)
    budget bracket: phi(0.00)=0.6114  phi(1.57)=0.3029  want ~0.2800
    roll=1.571  skeleton phi=0.3029  +31 fillers -> phi=0.2499  void=0.91  cv=0.190  asym=6%
    rejected: y-seam contact density 0.68 of interior < 0.76
  attempt 2/128 (seed 1101)
    budget bracket: phi(0.00)=0.5842  phi(1.57)=0.2789  want ~0.2800
    roll=1.565  skeleton phi=0.2789  +15 fillers -> phi=0.2498  void=1.01  cv=0.190  asym=4%
    rejected: largest void 1.01 mean-radii > 0.99; y-seam contact density 0.75 of interior < 0.76
  attempt 3/128 (seed 2101)
    budget bracket: phi(0.00)=0.5696  phi(1.57)=0.2933  want ~0.2800
    roll=1.571  skeleton phi=0.2933  +21 fillers -> phi=0.2503  void=1.02  cv=0.189  asym=2%
    rejected: largest void 1.02 mean-radii > 0.99; y-seam contact density 0.59 of interior < 0.76
  attempt 4/128 (seed 3101)
    budget bracket: phi(0.00)=0.6012  phi(1.57)=0.2828  want ~0.2800
    roll=1.571  skeleton phi=0.2828  +18 fillers -> phi=0.2501  void=0.98  cv=0.195  asym=4%
    rejected: y-seam contact density 0.54 of interior < 0.76
  attempt 5/128 (seed 4101)
    budget bracket: phi(0.00)=0.5775  phi(1.57)=0.2880  want ~0.2800
    roll=1.571  skeleton phi=0.2880  +20 fillers -> phi=0.2503  void=0.91  cv=0.187  asym=3%
    rejected: y-seam contact density 0.63 of interior < 0.76
  attempt 6/128 (seed 5101)
    budget bracket: phi(0.00)=0.6496  phi(1.57)=0.2942  want ~0.2800
    roll=1.571  skeleton phi=0.2942  +32 fillers -> phi=0.2497  void=0.90  cv=0.191  asym=5%
    rejected: y-seam contact density 0.50 of interior < 0.76
  attempt 7/128 (seed 6101)
    budget bracket: phi(0.00)=0.5950  phi(1.57)=0.2845  want ~0.2800
    roll=1.571  skeleton phi=0.2845  +12 fillers -> phi=0.2499  void=1.09  cv=0.205  asym=3%
    rejected: largest void 1.09 mean-radii > 0.99
  attempt 8/128 (seed 7101)
    budget bracket: phi(0.00)=0.6066  phi(1.57)=0.3121  want ~0.2800
    roll=1.571  skeleton phi=0.3121  +37 fillers -> phi=0.2500  void=0.89  cv=0.192  asym=2%
    rejected: y-seam contact density 0.66 of interior < 0.76
  attempt 9/128 (seed 8101)
    budget bracket: phi(0.00)=0.6036  phi(1.57)=0.2809  want ~0.2800
    roll=1.571  skeleton phi=0.2809  +17 fillers -> phi=0.2500  void=1.02  cv=0.207  asym=4%
    rejected: largest void 1.02 mean-radii > 0.99; y-seam contact density 0.45 of interior < 0.76
  attempt 10/128 (seed 9101)
    budget bracket: phi(0.00)=0.5910  phi(1.57)=0.2692  want ~0.2800
    roll=1.546  skeleton phi=0.2830  +12 fillers -> phi=0.2499  void=1.02  cv=0.202  asym=2%
    rejected: largest void 1.02 mean-radii > 0.99; y-seam contact density 0.73 of interior < 0.76
  attempt 11/128 (seed 10101)
    budget bracket: phi(0.00)=0.6279  phi(1.57)=0.2826  want ~0.2800
    roll=1.571  skeleton phi=0.2826  +10 fillers -> phi=0.2500  void=1.15  cv=0.216  asym=1%
    rejected: largest void 1.15 mean-radii > 0.99; y-seam contact density 0.68 of interior < 0.76
  attempt 12/128 (seed 11101)
    budget bracket: phi(0.00)=0.6081  phi(1.57)=0.2905  want ~0.2800
    roll=1.571  skeleton phi=0.2905  +20 fillers -> phi=0.2496  void=1.05  cv=0.208  asym=6%
    rejected: largest void 1.05 mean-radii > 0.99; y-seam contact density 0.67 of interior < 0.76
  attempt 13/128 (seed 12101)
    budget bracket: phi(0.00)=0.6632  phi(1.57)=0.3552  want ~0.2800
    roll=1.571  skeleton phi=0.3552  +69 fillers -> phi=0.2496  void=0.78  cv=0.189  asym=5%
    rejected: y-seam contact density 0.65 of interior < 0.76
  attempt 14/128 (seed 13101)
    budget bracket: phi(0.00)=0.6036  phi(1.57)=0.2997  want ~0.2800
    roll=1.571  skeleton phi=0.2997  +31 fillers -> phi=0.2498  void=0.90  cv=0.173  asym=3%
    rejected: y-seam contact density 0.62 of interior < 0.76
  attempt 15/128 (seed 14101)
    budget bracket: phi(0.00)=0.6173  phi(1.57)=0.2991  want ~0.2800
    roll=1.571  skeleton phi=0.2991  +29 fillers -> phi=0.2500  void=0.87  cv=0.181  asym=4%
    rejected: y-seam contact density 0.60 of interior < 0.76
  attempt 16/128 (seed 15101)
    budget bracket: phi(0.00)=0.5958  phi(1.57)=0.2885  want ~0.2800
    roll=1.571  skeleton phi=0.2885  +19 fillers -> phi=0.2498  void=1.03  cv=0.202  asym=2%
    rejected: largest void 1.03 mean-radii > 0.99; y-seam contact density 0.63 of interior < 0.76
  attempt 17/128 (seed 16101)
    budget bracket: phi(0.00)=0.6312  phi(1.57)=0.2761  want ~0.2800
    roll=1.460  skeleton phi=0.2805  +13 fillers -> phi=0.2497  void=1.02  cv=0.207  asym=1%
    rejected: largest void 1.02 mean-radii > 0.99; y-seam contact density 0.70 of interior < 0.76
  attempt 18/128 (seed 17101)
    budget bracket: phi(0.00)=0.6056  phi(1.57)=0.2510  want ~0.2800
    roll=1.374  skeleton phi=0.2817  +12 fillers -> phi=0.2497  void=1.11  cv=0.192  asym=5%
    rejected: largest void 1.11 mean-radii > 0.99
  attempt 19/128 (seed 18101)
    budget bracket: phi(0.00)=0.5998  phi(1.57)=0.2973  want ~0.2800
    roll=1.571  skeleton phi=0.2973  +26 fillers -> phi=0.2502  void=0.85  cv=0.182  asym=3%
    rejected: y-seam contact density 0.71 of interior < 0.76
  attempt 20/128 (seed 19101)
    budget bracket: phi(0.00)=0.5948  phi(1.57)=0.3158  want ~0.2800
    roll=1.571  skeleton phi=0.3158  +26 fillers -> phi=0.2499  void=0.99  cv=0.191  asym=2%
    rejected: largest void 0.99 mean-radii > 0.99
  attempt 21/128 (seed 20101)
    budget bracket: phi(0.00)=0.5339  phi(1.57)=0.2763  want ~0.2800
    roll=1.522  skeleton phi=0.2819  +15 fillers -> phi=0.2501  void=0.91  cv=0.193  asym=2%
    rejected: y-seam contact density 0.63 of interior < 0.76
  attempt 22/128 (seed 21101)
    budget bracket: phi(0.00)=0.5692  phi(1.57)=0.2829  want ~0.2800
    roll=1.571  skeleton phi=0.2829  +13 fillers -> phi=0.2501  void=1.05  cv=0.203  asym=1%
    rejected: largest void 1.05 mean-radii > 0.99
  attempt 23/128 (seed 22101)
    budget bracket: phi(0.00)=0.6118  phi(1.57)=0.2615  want ~0.2800
    roll=1.473  skeleton phi=0.2805  +17 fillers -> phi=0.2499  void=0.94  cv=0.187  asym=1%
    rejected: y-seam contact density 0.67 of interior < 0.76
  attempt 24/128 (seed 23101)
    budget bracket: phi(0.00)=0.5725  phi(1.57)=0.3199  want ~0.2800
    roll=1.571  skeleton phi=0.3199  +42 fillers -> phi=0.2496  void=0.90  cv=0.213  asym=2%
    rejected: y-seam contact density 0.42 of interior < 0.76
  attempt 25/128 (seed 24101)
    budget bracket: phi(0.00)=0.6582  phi(1.57)=0.3721  want ~0.2800
    roll=1.571  skeleton phi=0.3721  +88 fillers -> phi=0.2497  void=0.75  cv=0.172  asym=3%
    rejected: y-seam contact density 0.75 of interior < 0.76
  attempt 26/128 (seed 25101)
    budget bracket: phi(0.00)=0.6199  phi(1.57)=0.2817  want ~0.2800
    roll=1.571  skeleton phi=0.2817  +6 fillers -> phi=0.2499  void=1.35  cv=0.208  asym=4%
    rejected: largest void 1.35 mean-radii > 0.99
  attempt 27/128 (seed 26101)
    budget bracket: phi(0.00)=0.6101  phi(1.57)=0.2860  want ~0.2800
    roll=1.571  skeleton phi=0.2860  +13 fillers -> phi=0.2498  void=1.03  cv=0.206  asym=3%
    rejected: largest void 1.03 mean-radii > 0.99
  attempt 28/128 (seed 27101)
    budget bracket: phi(0.00)=0.5724  phi(1.57)=0.2937  want ~0.2800
    roll=1.571  skeleton phi=0.2937  +23 fillers -> phi=0.2502  void=1.04  cv=0.216  asym=0%
    rejected: largest void 1.04 mean-radii > 0.99; y-seam contact density 0.73 of interior < 0.76
  attempt 29/128 (seed 28101)
    budget bracket: phi(0.00)=0.5682  phi(1.57)=0.3010  want ~0.2800
    roll=1.571  skeleton phi=0.3010  +35 fillers -> phi=0.2500  void=0.90  cv=0.184  asym=1%
    rejected: y-seam contact density 0.70 of interior < 0.76
  attempt 30/128 (seed 29101)
    budget bracket: phi(0.00)=0.6265  phi(1.57)=0.2740  want ~0.2800
    roll=1.473  skeleton phi=0.2793  +14 fillers -> phi=0.2499  void=0.93  cv=0.185  asym=1%
    rejected: y-seam contact density 0.48 of interior < 0.76
  attempt 31/128 (seed 30101)
    budget bracket: phi(0.00)=0.6273  phi(1.57)=0.3085  want ~0.2800
    roll=1.571  skeleton phi=0.3085  +38 fillers -> phi=0.2499  void=0.82  cv=0.203  asym=5%
    rejected: y-seam contact density 0.55 of interior < 0.76
  attempt 32/128 (seed 31101)
    budget bracket: phi(0.00)=0.6265  phi(1.57)=0.3117  want ~0.2800
    roll=1.571  skeleton phi=0.3117  +29 fillers -> phi=0.2499  void=0.99  cv=0.189  asym=6%
    rejected: largest void 0.99 mean-radii > 0.99
  attempt 33/128 (seed 32101)
    budget bracket: phi(0.00)=0.6501  phi(1.57)=0.2849  want ~0.2800
    roll=1.571  skeleton phi=0.2849  +19 fillers -> phi=0.2500  void=1.03  cv=0.196  asym=2%
    rejected: largest void 1.03 mean-radii > 0.99; y-seam contact density 0.61 of interior < 0.76
  attempt 34/128 (seed 33101)
    budget bracket: phi(0.00)=0.6064  phi(1.57)=0.2760  want ~0.2800
    roll=1.525  skeleton phi=0.2762  +11 fillers -> phi=0.2498  void=1.14  cv=0.198  asym=2%
    rejected: largest void 1.14 mean-radii > 0.99; y-seam contact density 0.70 of interior < 0.76
  attempt 35/128 (seed 34101)
    budget bracket: phi(0.00)=0.6080  phi(1.57)=0.3041  want ~0.2800
    roll=1.571  skeleton phi=0.3041  +25 fillers -> phi=0.2500  void=1.00  cv=0.193  asym=6%
    rejected: largest void 1.00 mean-radii > 0.99; y-seam contact density 0.46 of interior < 0.76
  attempt 36/128 (seed 35101)
    budget bracket: phi(0.00)=0.6733  phi(1.57)=0.3112  want ~0.2800
    roll=1.571  skeleton phi=0.3112  +40 fillers -> phi=0.2497  void=0.86  cv=0.181  asym=3%
    rejected: y-seam contact density 0.48 of interior < 0.76
  attempt 37/128 (seed 36101)
    budget bracket: phi(0.00)=0.6361  phi(1.57)=0.2788  want ~0.2800
    roll=1.568  skeleton phi=0.2814  +12 fillers -> phi=0.2501  void=1.19  cv=0.210  asym=1%
    rejected: largest void 1.19 mean-radii > 0.99; y-seam contact density 0.69 of interior < 0.76
  attempt 38/128 (seed 37101)
    budget bracket: phi(0.00)=0.5832  phi(1.57)=0.3045  want ~0.2800
    roll=1.571  skeleton phi=0.3045  +27 fillers -> phi=0.2499  void=0.97  cv=0.179  asym=6%
    rejected: y-seam contact density 0.63 of interior < 0.76
  attempt 39/128 (seed 38101)
    budget bracket: phi(0.00)=0.5987  phi(1.57)=0.2911  want ~0.2800
    roll=1.571  skeleton phi=0.2911  +17 fillers -> phi=0.2502  void=1.03  cv=0.204  asym=5%
    rejected: largest void 1.03 mean-radii > 0.99; y-seam contact density 0.75 of interior < 0.76
  attempt 40/128 (seed 39101)
    budget bracket: phi(0.00)=0.5994  phi(1.57)=0.2732  want ~0.2800
    roll=1.448  skeleton phi=0.2798  +14 fillers -> phi=0.2500  void=1.03  cv=0.208  asym=2%
    rejected: largest void 1.03 mean-radii > 0.99; y-seam contact density 0.71 of interior < 0.76
  attempt 41/128 (seed 40101)
    budget bracket: phi(0.00)=0.6528  phi(1.57)=0.2952  want ~0.2800
    roll=1.571  skeleton phi=0.2952  +33 fillers -> phi=0.2499  void=0.88  cv=0.194  asym=4%
    rejected: y-seam contact density 0.47 of interior < 0.76
  attempt 42/128 (seed 41101)
    budget bracket: phi(0.00)=0.6126  phi(1.57)=0.3153  want ~0.2800
    roll=1.571  skeleton phi=0.3153  +32 fillers -> phi=0.2497  void=0.98  cv=0.203  asym=3%
    ACCEPTED

✅ /Users/jacksonbaglino/PetIGA-3.20/projects/enceladus_DSM/inputs/packings/keff_LR40/phi0.250_Rave50um_LR40_seed101
   porosity      0.2497 (target 0.2500)
   grains        343  (311 matrix + 32 filler)
   mean radius   47.72 um (requested 50.00)
   largest void  0.98 mean radii (gate 0.99)
   density cv    0.203 (gate 0.235)
   coordination  2.07
   half-domain   3.3% asymmetry (x 3.3, y 0.8; gate 22)
   rows written  373 (30 edge images)  -> /Users/jacksonbaglino/PetIGA-3.20/projects/enceladus_DSM/inputs/packings/keff_LR40/phi0.250_Rave50um_LR40_seed101/grains.dat
