  gates for target phi=0.325:  max_void_ratio 99.00   local_density_cv 99.000   asymmetry 9900%
Gravity-style packing: 2.800 x 2.800 mm, target phi=0.325, mean r=50.0 um, sigma_ln=0.5, periodic=xy
  attempt 1/128 (seed 1303)
    budget bracket: phi(0.00)=0.5876  phi(1.57)=0.2851  want ~0.3550
    roll=1.080  skeleton phi=0.3524  +23 fillers -> phi=0.3248  void=1.54  cv=0.314  asym=7%
    rejected: y-seam contact density 0.34 of interior < 0.76
  attempt 2/128 (seed 2303)
    budget bracket: phi(0.00)=0.5877  phi(1.57)=0.2951  want ~0.3550
    roll=0.939  skeleton phi=0.3584  +22 fillers -> phi=0.3247  void=1.48  cv=0.309  asym=6%
    rejected: y-seam contact density 0.61 of interior < 0.76
  attempt 3/128 (seed 3303)
    budget bracket: phi(0.00)=0.5986  phi(1.57)=0.3676  want ~0.3550
    roll=1.571  skeleton phi=0.3676  +43 fillers -> phi=0.3250  void=1.37  cv=0.319  asym=5%
    ACCEPTED

✅ /Users/jacksonbaglino/PetIGA-3.20/projects/enceladus_DSM/inputs/packings/rve_phi0.325/phi0.325_Rave50um_LR56_seed1303
   porosity      0.3250 (target 0.3250)
   grains        600  (557 matrix + 43 filler)
   mean radius   47.91 um (requested 50.00)
   largest void  1.37 mean radii (gate 99.00)
   density cv    0.319 (gate 99.000)
   coordination  1.95
   half-domain   5.0% asymmetry (x 5.0, y 2.6; gate 9900)
   rows written  642 (42 edge images)  -> /Users/jacksonbaglino/PetIGA-3.20/projects/enceladus_DSM/inputs/packings/rve_phi0.325/phi0.325_Rave50um_LR56_seed1303/grains.dat
