  gates for target phi=0.325:  max_void_ratio 99.00   local_density_cv 99.000   asymmetry 9900%
Gravity-style packing: 1.000 x 1.000 mm, target phi=0.325, mean r=50.0 um, sigma_ln=0.5, periodic=xy
  attempt 1/128 (seed 1106)
    budget bracket: phi(0.00)=0.5567  phi(1.57)=0.2446  want ~0.3550
    roll=0.687  skeleton phi=0.3525  +4 fillers -> phi=0.3251  void=0.99  cv=0.275  asym=21%
    rejected: solid does not percolate (x=True, y=False)
  attempt 2/128 (seed 2106)
    budget bracket: phi(0.00)=0.5310  phi(1.57)=0.2733  want ~0.3550
    roll=0.785  skeleton phi=0.3777  +9 fillers -> phi=0.3249  void=0.95  cv=0.258  asym=13%
    rejected: y-seam contact density 0.67 of interior < 0.76
  attempt 3/128 (seed 3106)
    budget bracket: phi(0.00)=0.5547  phi(1.57)=0.2601  want ~0.3550
    roll=0.847  skeleton phi=0.3660  +5 fillers -> phi=0.3250  void=1.20  cv=0.328  asym=7%
    rejected: y-seam contact density 0.63 of interior < 0.76
  attempt 4/128 (seed 4106)
    budget bracket: phi(0.00)=0.5589  phi(1.57)=0.2582  want ~0.3550
    roll=0.736  skeleton phi=0.3589  +6 fillers -> phi=0.3251  void=1.13  cv=0.303  asym=3%
    rejected: y-seam contact density 0.36 of interior < 0.76
  attempt 5/128 (seed 5106)
    budget bracket: phi(0.00)=0.5640  phi(1.57)=0.2272  want ~0.3550
    roll=0.914  skeleton phi=0.3587  +2 fillers -> phi=0.3250  void=1.36  cv=0.310  asym=4%
    rejected: y-seam contact density 0.36 of interior < 0.76
  attempt 6/128 (seed 6106)
    budget bracket: phi(0.00)=0.6333  phi(1.57)=0.2679  want ~0.3550
    roll=0.736  skeleton phi=0.3512  +2 fillers -> phi=0.3249  void=1.33  cv=0.294  asym=3%
    ACCEPTED

✅ /Users/jacksonbaglino/PetIGA-3.20/projects/enceladus_DSM/inputs/packings/rve_phi0.325/phi0.325_Rave50um_LR20_seed1106
   porosity      0.3249 (target 0.3250)
   grains        80  (78 matrix + 2 filler)
   mean radius   47.66 um (requested 50.00)
   largest void  1.33 mean radii (gate 99.00)
   density cv    0.294 (gate 99.000)
   coordination  1.90
   half-domain   3.1% asymmetry (x 2.2, y 3.1; gate 9900)
   rows written  96 (16 edge images)  -> /Users/jacksonbaglino/PetIGA-3.20/projects/enceladus_DSM/inputs/packings/rve_phi0.325/phi0.325_Rave50um_LR20_seed1106/grains.dat
