  gates for target phi=0.425:  max_void_ratio 99.00   local_density_cv 99.000   asymmetry 9900%
Gravity-style packing: 2.000 x 2.000 mm, target phi=0.425, mean r=50.0 um, sigma_ln=0.5, periodic=xy
  attempt 1/128 (seed 1901)
    budget bracket: phi(0.00)=0.6178  phi(1.57)=0.3034  want ~0.4550
    roll=0.724  skeleton phi=0.4526  +7 fillers -> phi=0.4253  void=2.44  cv=0.460  asym=2%
    rejected: y-seam contact density 0.59 of interior < 0.76
  attempt 2/128 (seed 2901)
    budget bracket: phi(0.00)=0.6346  phi(1.57)=0.2839  want ~0.4550
    roll=0.687  skeleton phi=0.4557  +16 fillers -> phi=0.4251  void=1.83  cv=0.460  asym=6%
    rejected: y-seam contact density 0.24 of interior < 0.76
  attempt 3/128 (seed 3901)
    budget bracket: phi(0.00)=0.5547  phi(1.57)=0.2580  want ~0.4550
    roll=0.602  skeleton phi=0.4590  +17 fillers -> phi=0.4248  void=1.80  cv=0.452  asym=9%
    rejected: y-seam contact density 0.48 of interior < 0.76
  attempt 4/128 (seed 4901)
    budget bracket: phi(0.00)=0.6636  phi(1.57)=0.3020  want ~0.4550
    roll=0.822  skeleton phi=0.4590  +14 fillers -> phi=0.4250  void=2.11  cv=0.485  asym=17%
    rejected: solid does not percolate (x=False, y=True)
  attempt 5/128 (seed 5901)
    budget bracket: phi(0.00)=0.6011  phi(1.57)=0.2653  want ~0.4550
    roll=0.540  skeleton phi=0.4527  +9 fillers -> phi=0.4250  void=1.89  cv=0.426  asym=8%
    ACCEPTED

✅ /Users/jacksonbaglino/PetIGA-3.20/projects/enceladus_DSM/inputs/packings/keff_LR40/phi0.425_Rave50um_LR40_seed1901
   porosity      0.4250 (target 0.4250)
   grains        264  (255 matrix + 9 filler)
   mean radius   47.20 um (requested 50.00)
   largest void  1.89 mean radii (gate 99.00)
   density cv    0.426 (gate 99.000)
   coordination  1.94
   half-domain   8.4% asymmetry (x 8.2, y 8.4; gate 9900)
   rows written  291 (27 edge images)  -> /Users/jacksonbaglino/PetIGA-3.20/projects/enceladus_DSM/inputs/packings/keff_LR40/phi0.425_Rave50um_LR40_seed1901/grains.dat
