OUTPUT DATA ERROR: Reduce maximum time step, or increase t_interval 


════════════════════════════════════════════════════════════════════════════
  ENCELADUS_DSM  ·  phase-field sublimation solver
  2 MPI ranks  ·  2D  ·  7500 DoF  (3 fields: ice, T, rho_v)
════════════════════════════════════════════════════════════════════════════

── MESH & DISCRETISATION ───────────────────────────────────────────────────
   grid           48 × 48  =  2304 elements
   domain         x 1.0000e-03  ×  y 1.0000e-03  m
   spacing        dx 2.0833e-05  ×  dy 2.0833e-05  m
   basis          B-spline p = 2 (quadratic),  C = 1
   resolution     17.6 elements across the φ = 0.01–0.99 band
                  (band = 9.19·eps;  dx/eps = 0.521)

── PHASE-FIELD INTERFACE ───────────────────────────────────────────────────
   eps            4.0000e-05 m        decay length, NOT the band width
   gamma_ia       1.0900e-01 J/m²     ice-air interface energy
   Lambda         0.0000e+00          triple-junction penalty

── ENVIRONMENT ─────────────────────────────────────────────────────────────
   T0             -20.00 °C   (253.15 K)
   humidity       h = 1.000000      1 − h = +0.0000e+00  (flat-saturated)
   rho_vs(T0)     8.4869e-04 kg/m³     →  h·rho_vs = 8.4869e-04 kg/m³
   grad_T         (0.0000e+00, 0.0000e+00) °C/m

── TIME STEPPING ───────────────────────────────────────────────────────────
   t_final        5.0000e+02 s   (0.14 h)
   dt0            1.0000e-04 s
   adaptive       ON    NRmin 5 · NRmax 15 · factor 1.3335
   dt range       [1.0000e-06, 5.0000e+01] s
   interface CFL  ON    max|Δφ| per step 0.050  (≈ 0.28 elements)
   output         every 1 accepted step

── TRANSPORT & THERMOPHYSICAL PROPERTIES ───────────────────────────────────
   D_v(T0)        1.8980e-05 m²/s    = D_v0 · (T/273.15)^1.81
                  D_v0 = 2.1780e-05 m²/s at 273.15 K
                  ice          air          units
   conductivity   2.2900e+00   2.0000e-02   W/m/K
   density        9.1900e+02   1.3410e+00   kg/m³
   heat capacity  1.9600e+03   1.0440e+03   J/kg/K
   lat_sub        2.8300e+06 J/kg     latent heat of sublimation

── PHASE-CHANGE KINETICS ───────────────────────────────────────────────────
   rho_ice/rho_vs 1.0829e+06                density ratio at T0
   d0_sub0        1.0152e-09 m              K&P Eq.13  γ·a³/(k_B·T)
   beta_sub       9.9000e+05 s/m            K&P β₀ / M&F β_sub, UNSCALED
                                            [M&F range 2e4–2e6]
   beta_HK        9.1425e-01 s/m            SCALED, = β₀·ρ_vs/ρ_ice
   lambda         2.1333e+11
   tau_sub        1.5603e+06 s
   tau_sub terms:  kinetic 1.5603e+06 s   (-thin_iface_corr 0)
   beta realised  =  9.9000e+05 s/m  =  1.0000 x -beta_sub0
   mob_sub        8.5452e-12 m/s            [M&F: 4.33e-7]
   alph_sub       1.3672e+05 1/s
   xi_T           1.0000e+00                thermal conduction + latent heat
   xi_v           1.0000e-03                vapour diffusion + ρ_ice source

── SOLVER ──────────────────────────────────────────────────────────────────
   VI bounds      OFF   unbounded Newton — pair with -snes_type newtonls
   phi band       [-0.010, 1.010]        physics: excursion → rollback
                                            at a smaller dt
   phi guard      [-0.010, 1.050]        diverging Newton only →
                                            SNES domain error

── BOUNDARY CONDITIONS ─────────────────────────────────────────────────────
   PERIODIC on every axis — PetIGA carries periodicity on the axis, so it
   applies to all 3 fields at once. -flag_BC_Tfix / -flag_BC_rhovfix are
   forced off in this mode.

════════════════════════════════════════════════════════════════════════════

Setting up initial conditions... 
  RESTART from /var/folders/p0/xtpxhqz52q73hr2_1p3fznp80000gn/T/tmp.NypPYewtMk/B/sol_00048.dat
    clock resumes at t  = 2.764373e+02 s (0.003 days)  [from SSA_evo.dat]
    time step resumes at dt = 3.142136e+01 s  [from SSA_evo.dat]
    step count resumes at 48; next snapshot at t = 2.764553e+02 s
    phi range [0.001929, 0.998071]
  ===============================================================================
  >>> MEMORY after setup
    resident, max over 2 rank(s) :     26.2 MB
    PETSc malloc, max over ranks  :      2.8 MB
    resident, summed over ranks   :      0.0 GB
    reserved per rank             :  unknown  (not in a SLURM job; check reports only)
  ===============================================================================

  BOUNDS: phi_ice [2.2562e-03, 9.9774e-01]  phi_air [2.2562e-03, 9.9774e-01]
  ===============================================================================
  >>> DOMAIN INTEGRALS (PER TIME STEP)
  ===============================================================================
  -------------------------------------------------------------------------------------------------------------
    STEP |     TIME [s] |    DT [s] |    TOT_ICE |    TOT_AIR |      TEMP |  TOT_RHOV | I-A INTERF | TOTAL_MASS
  -------------------------------------------------------------------------------------------------------------
    48 |  2.76437e+02 | 3.142e+01 |  5.000e-07 |  5.000e-07 | -2.000e-05 | 4.243e-10 |  1.351e-08 |  4.595e-04
       |              |           |    -0.000% |    +0.000% |           |   +0.000% |            |    +0.000%
OUTPUT print!
    SNES DOF norms (2-norm) and ratios
    --------------------------------------------------------------------------------------------------------------------------------------
    it |       fnorm |          n0 |        r0 |        s0 |          n1 |        r1 |        s1 |          n2 |        r2 |        s2
    --------------------------------------------------------------------------------------------------------------------------------------
     0 |  4.8428e-08 |   1.862e-17 | 1.000e+00 | 0.000e+00 |   4.843e-08 | 1.000e+00 | 0.000e+00 |   1.710e-17 | 1.000e+00 | 0.000e+00
     1 |  9.7590e-14 |   7.031e-26 | 3.776e-09 | 3.900e-08 |   9.759e-14 | 2.015e-06 | 2.114e-13 |   3.753e-26 | 2.195e-09 | 4.530e-10
  SNES converged via DOF-wise criteria:
    DOF 0: REL (rtol) ABS (atol) STOL (stol)
    DOF 1: ABS (atol) STOL (stol)
    DOF 2: REL (rtol) ABS (atol) STOL (stol)
    SNES DOF norms (2-norm) and ratios
    --------------------------------------------------------------------------------------------------------------------------------------
    it |       fnorm |          n0 |        r0 |        s0 |          n1 |        r1 |        s1 |          n2 |        r2 |        s2
    --------------------------------------------------------------------------------------------------------------------------------------
     0 |  4.8426e-08 |   1.862e-17 | 1.000e+00 | 3.900e-08 |   4.843e-08 | 1.000e+00 | 2.114e-13 |   1.710e-17 | 1.000e+00 | 4.530e-10
     1 |  8.8252e-14 |   9.597e-26 | 5.154e-09 | 3.899e-08 |   8.825e-14 | 1.822e-06 | 2.155e-13 |   3.529e-26 | 2.064e-09 | 4.529e-10
  SNES converged via DOF-wise criteria:
    DOF 0: REL (rtol) ABS (atol) STOL (stol)
    DOF 1: ABS (atol) STOL (stol)
    DOF 2: REL (rtol) ABS (atol) STOL (stol)
    SNES DOF norms (2-norm) and ratios
    --------------------------------------------------------------------------------------------------------------------------------------
    it |       fnorm |          n0 |        r0 |        s0 |          n1 |        r1 |        s1 |          n2 |        r2 |        s2
    --------------------------------------------------------------------------------------------------------------------------------------
     0 |  1.0896e-07 |   4.190e-17 | 1.000e+00 | 3.899e-08 |   1.090e-07 | 1.000e+00 | 2.155e-13 |   3.847e-17 | 1.000e+00 | 4.529e-10
     1 |  1.5406e-13 |   9.252e-26 | 2.208e-09 | 9.360e-08 |   1.541e-13 | 1.414e-06 | 5.069e-13 |   6.783e-26 | 1.763e-09 | 1.087e-09
  SNES converged via DOF-wise criteria:
    DOF 0: REL (rtol) ABS (atol) STOL (stol)
    DOF 1: ABS (atol) STOL (stol)
    DOF 2: REL (rtol) ABS (atol) STOL (stol)
Increase time step: 3.142e+01 -> 4.190e+01 
  BOUNDS: phi_ice [2.2564e-03, 9.9774e-01]  phi_air [2.2564e-03, 9.9774e-01]
  ===============================================================================
  >>> DOMAIN INTEGRALS (PER TIME STEP)
  ===============================================================================
  -------------------------------------------------------------------------------------------------------------
    STEP |     TIME [s] |    DT [s] |    TOT_ICE |    TOT_AIR |      TEMP |  TOT_RHOV | I-A INTERF | TOTAL_MASS
  -------------------------------------------------------------------------------------------------------------
    49 |  3.07859e+02 | 5.000e+01 |  5.000e-07 |  5.000e-07 | -2.000e-05 | 4.243e-10 |  1.351e-08 |  4.595e-04
       |              |           |    -0.000% |    +0.000% |           |   +0.000% |            |    +0.000%
OUTPUT print!
    SNES DOF norms (2-norm) and ratios
    --------------------------------------------------------------------------------------------------------------------------------------
    it |       fnorm |          n0 |        r0 |        s0 |          n1 |        r1 |        s1 |          n2 |        r2 |        s2
    --------------------------------------------------------------------------------------------------------------------------------------
     0 |  8.7161e-08 |   3.351e-17 | 1.000e+00 | 9.360e-08 |   8.716e-08 | 1.000e+00 | 5.069e-13 |   3.077e-17 | 1.000e+00 | 1.087e-09
     1 |  1.6143e-13 |   9.521e-26 | 2.841e-09 | 1.191e-07 |   1.614e-13 | 1.852e-06 | 6.565e-13 |   9.410e-26 | 3.058e-09 | 1.383e-09
  SNES converged via DOF-wise criteria:
    DOF 0: REL (rtol) ABS (atol) STOL (stol)
    DOF 1: ABS (atol) STOL (stol)
    DOF 2: REL (rtol) ABS (atol) STOL (stol)
Max dt! can not Increase time step: 5.000e+01 -> 5.000e+01 
  BOUNDS: phi_ice [2.2566e-03, 9.9774e-01]  phi_air [2.2566e-03, 9.9774e-01]
  ===============================================================================
  >>> DOMAIN INTEGRALS (PER TIME STEP)
  ===============================================================================
  -------------------------------------------------------------------------------------------------------------
    STEP |     TIME [s] |    DT [s] |    TOT_ICE |    TOT_AIR |      TEMP |  TOT_RHOV | I-A INTERF | TOTAL_MASS
  -------------------------------------------------------------------------------------------------------------
    50 |  3.57859e+02 | 5.000e+01 |  5.000e-07 |  5.000e-07 | -2.000e-05 | 4.243e-10 |  1.351e-08 |  4.595e-04
       |              |           |    -0.000% |    +0.000% |           |   +0.000% |            |    +0.000%
OUTPUT print!
    SNES DOF norms (2-norm) and ratios
    --------------------------------------------------------------------------------------------------------------------------------------
    it |       fnorm |          n0 |        r0 |        s0 |          n1 |        r1 |        s1 |          n2 |        r2 |        s2
    --------------------------------------------------------------------------------------------------------------------------------------
     0 |  9.1506e-08 |   3.518e-17 | 1.000e+00 | 1.191e-07 |   9.151e-08 | 1.000e+00 | 6.565e-13 |   3.230e-17 | 1.000e+00 | 1.383e-09
     1 |  1.8993e-13 |   9.078e-26 | 2.580e-09 | 1.250e-07 |   1.899e-13 | 2.076e-06 | 6.951e-13 |   1.020e-25 | 3.157e-09 | 1.452e-09
  SNES converged via DOF-wise criteria:
    DOF 0: REL (rtol) ABS (atol) STOL (stol)
    DOF 1: ABS (atol) STOL (stol)
    DOF 2: REL (rtol) ABS (atol) STOL (stol)
Max dt! can not Increase time step: 4.607e+01 -> 4.607e+01 
  BOUNDS: phi_ice [2.2569e-03, 9.9774e-01]  phi_air [2.2569e-03, 9.9774e-01]
  ===============================================================================
  >>> DOMAIN INTEGRALS (PER TIME STEP)
  ===============================================================================
  -------------------------------------------------------------------------------------------------------------
    STEP |     TIME [s] |    DT [s] |    TOT_ICE |    TOT_AIR |      TEMP |  TOT_RHOV | I-A INTERF | TOTAL_MASS
  -------------------------------------------------------------------------------------------------------------
    51 |  4.07859e+02 | 5.000e+01 |  5.000e-07 |  5.000e-07 | -2.000e-05 | 4.243e-10 |  1.351e-08 |  4.595e-04
       |              |           |    -0.000% |    +0.000% |           |   +0.000% |            |    +0.000%
OUTPUT print!
    SNES DOF norms (2-norm) and ratios
    --------------------------------------------------------------------------------------------------------------------------------------
    it |       fnorm |          n0 |        r0 |        s0 |          n1 |        r1 |        s1 |          n2 |        r2 |        s2
    --------------------------------------------------------------------------------------------------------------------------------------
     0 |  9.0621e-08 |   3.484e-17 | 1.000e+00 | 1.250e-07 |   9.062e-08 | 1.000e+00 | 6.951e-13 |   3.199e-17 | 1.000e+00 | 1.452e-09
     1 |  1.7379e-13 |   9.720e-26 | 2.789e-09 | 1.237e-07 |   1.738e-13 | 1.918e-06 | 6.849e-13 |   1.018e-25 | 3.182e-09 | 1.437e-09
  SNES converged via DOF-wise criteria:
    DOF 0: REL (rtol) ABS (atol) STOL (stol)
    DOF 1: REL (rtol) ABS (atol) STOL (stol)
    DOF 2: REL (rtol) ABS (atol) STOL (stol)
Max dt! can not Increase time step: 4.214e+01 -> 4.214e+01 
  BOUNDS: phi_ice [2.2571e-03, 9.9774e-01]  phi_air [2.2571e-03, 9.9774e-01]
  ===============================================================================
  >>> DOMAIN INTEGRALS (PER TIME STEP)
  ===============================================================================
  -------------------------------------------------------------------------------------------------------------
    STEP |     TIME [s] |    DT [s] |    TOT_ICE |    TOT_AIR |      TEMP |  TOT_RHOV | I-A INTERF | TOTAL_MASS
  -------------------------------------------------------------------------------------------------------------
    52 |  4.57859e+02 | 5.000e+01 |  5.000e-07 |  5.000e-07 | -2.000e-05 | 4.243e-10 |  1.351e-08 |  4.595e-04
       |              |           |    -0.000% |    +0.000% |           |   +0.000% |            |    +0.000%
OUTPUT print!
    SNES DOF norms (2-norm) and ratios
    --------------------------------------------------------------------------------------------------------------------------------------
    it |       fnorm |          n0 |        r0 |        s0 |          n1 |        r1 |        s1 |          n2 |        r2 |        s2
    --------------------------------------------------------------------------------------------------------------------------------------
     0 |  9.0782e-08 |   3.491e-17 | 1.000e+00 | 1.237e-07 |   9.078e-08 | 1.000e+00 | 6.849e-13 |   3.205e-17 | 1.000e+00 | 1.437e-09
     1 |  1.5026e-13 |   7.582e-26 | 2.172e-09 | 1.239e-07 |   1.503e-13 | 1.655e-06 | 6.779e-13 |   1.009e-25 | 3.150e-09 | 1.439e-09
  SNES converged via DOF-wise criteria:
    DOF 0: REL (rtol) ABS (atol) STOL (stol)
    DOF 1: REL (rtol) ABS (atol) STOL (stol)
    DOF 2: REL (rtol) ABS (atol) STOL (stol)
Max dt! can not Increase time step: 5.000e+01 -> 5.000e+01 
  BOUNDS: phi_ice [2.2574e-03, 9.9774e-01]  phi_air [2.2573e-03, 9.9774e-01]
  ===============================================================================
  >>> DOMAIN INTEGRALS (PER TIME STEP)
  ===============================================================================
  -------------------------------------------------------------------------------------------------------------
    STEP |     TIME [s] |    DT [s] |    TOT_ICE |    TOT_AIR |      TEMP |  TOT_RHOV | I-A INTERF | TOTAL_MASS
  -------------------------------------------------------------------------------------------------------------
    53 |  5.07859e+02 | 5.000e+01 |  5.000e-07 |  5.000e-07 | -2.000e-05 | 4.243e-10 |  1.351e-08 |  4.595e-04
       |              |           |    -0.000% |    +0.000% |           |   +0.000% |            |    +0.000%
OUTPUT print!
Solution completed. 
Setup time 7.163590e-01 sec  =  0.01 min 

WARNING! There are options you set that were not used!
WARNING! could be spelling mistake, etc!
There is one unused database option. It is:
Option left: name:-ksp_gmres_restart value: 200 source: file
