  gates for target phi=0.300:  max_void_ratio 1.22   local_density_cv 0.310   asymmetry 22%
Gravity-style packing: 2.000 x 2.000 mm, target phi=0.3, mean r=50.0 um, sigma_ln=0.5, periodic=xy
  attempt 1/128 (seed 202)
    budget bracket: phi(0.00)=0.5973  phi(1.57)=0.2987  want ~0.3300
    roll=1.374  skeleton phi=0.3304  +18 fillers -> phi=0.2999  void=1.23  cv=0.273  asym=9%
    rejected: largest void 1.23 mean-radii > 1.22; y-seam contact density 0.60 of interior < 0.76
  attempt 2/128 (seed 1202)
    budget bracket: phi(0.00)=0.5425  phi(1.57)=0.2507  want ~0.3300
    roll=0.785  skeleton phi=0.3317  +13 fillers -> phi=0.3000  void=1.13  cv=0.240  asym=3%
    rejected: y-seam contact density 0.75 of interior < 0.76
  attempt 3/128 (seed 2202)
    budget bracket: phi(0.00)=0.5992  phi(1.57)=0.2699  want ~0.3300
    roll=1.141  skeleton phi=0.3335  +15 fillers -> phi=0.3001  void=1.29  cv=0.279  asym=4%
    rejected: largest void 1.29 mean-radii > 1.22; y-seam contact density 0.68 of interior < 0.76
  attempt 4/128 (seed 3202)
    budget bracket: phi(0.00)=0.6494  phi(1.57)=0.3151  want ~0.3300
    roll=1.368  skeleton phi=0.3335  +17 fillers -> phi=0.2998  void=1.28  cv=0.291  asym=7%
    rejected: largest void 1.28 mean-radii > 1.22; y-seam contact density 0.73 of interior < 0.76
  attempt 5/128 (seed 4202)
    budget bracket: phi(0.00)=0.5710  phi(1.57)=0.2725  want ~0.3300
    roll=1.178  skeleton phi=0.3267  +6 fillers -> phi=0.2998  void=1.35  cv=0.286  asym=6%
    rejected: largest void 1.35 mean-radii > 1.22; y-seam contact density 0.68 of interior < 0.76
  attempt 6/128 (seed 5202)
    budget bracket: phi(0.00)=0.6018  phi(1.57)=0.3107  want ~0.3300
    roll=1.374  skeleton phi=0.3326  +16 fillers -> phi=0.3000  void=1.17  cv=0.267  asym=7%
    ACCEPTED

✅ /Users/jacksonbaglino/PetIGA-3.20/projects/enceladus_DSM/inputs/packings/keff_LR40/phi0.300_Rave50um_LR40_seed202
   porosity      0.3000 (target 0.3000)
   grains        338  (322 matrix + 16 filler)
   mean radius   46.85 um (requested 50.00)
   largest void  1.17 mean radii (gate 1.22)
   density cv    0.267 (gate 0.310)
   coordination  2.05
   half-domain   7.3% asymmetry (x 5.6, y 7.3; gate 22)
   rows written  368 (30 edge images)  -> /Users/jacksonbaglino/PetIGA-3.20/projects/enceladus_DSM/inputs/packings/keff_LR40/phi0.300_Rave50um_LR40_seed202/grains.dat
