  gates for target phi=0.275:  max_void_ratio 1.10   local_density_cv 0.273   asymmetry 22%
Gravity-style packing: 2.000 x 2.000 mm, target phi=0.275, mean r=50.0 um, sigma_ln=0.5, periodic=xy
  attempt 1/128 (seed 603)
    budget bracket: phi(0.00)=0.6035  phi(1.57)=0.2801  want ~0.3050
    roll=1.117  skeleton phi=0.3078  +12 fillers -> phi=0.2750  void=1.24  cv=0.242  asym=9%
    rejected: largest void 1.24 mean-radii > 1.10
  attempt 2/128 (seed 1603)
    budget bracket: phi(0.00)=0.5910  phi(1.57)=0.2831  want ~0.3050
    roll=1.374  skeleton phi=0.3085  +22 fillers -> phi=0.2749  void=1.05  cv=0.228  asym=3%
    rejected: y-seam contact density 0.55 of interior < 0.76
  attempt 3/128 (seed 2603)
    budget bracket: phi(0.00)=0.5939  phi(1.57)=0.3058  want ~0.3050
    roll=1.571  skeleton phi=0.3058  +15 fillers -> phi=0.2748  void=1.19  cv=0.241  asym=4%
    rejected: largest void 1.19 mean-radii > 1.10; y-seam contact density 0.70 of interior < 0.76
  attempt 4/128 (seed 3603)
    budget bracket: phi(0.00)=0.6122  phi(1.57)=0.2951  want ~0.3050
    roll=1.269  skeleton phi=0.3013  +13 fillers -> phi=0.2751  void=1.15  cv=0.229  asym=5%
    rejected: largest void 1.15 mean-radii > 1.10; y-seam contact density 0.75 of interior < 0.76
  attempt 5/128 (seed 4603)
    budget bracket: phi(0.00)=0.6004  phi(1.57)=0.2957  want ~0.3050
    roll=1.374  skeleton phi=0.3025  +14 fillers -> phi=0.2750  void=1.10  cv=0.228  asym=2%
    rejected: largest void 1.10 mean-radii > 1.10; y-seam contact density 0.61 of interior < 0.76
  attempt 6/128 (seed 5603)
    budget bracket: phi(0.00)=0.6124  phi(1.57)=0.2651  want ~0.3050
    roll=1.393  skeleton phi=0.3078  +20 fillers -> phi=0.2751  void=1.05  cv=0.238  asym=4%
    rejected: y-seam contact density 0.46 of interior < 0.76
  attempt 7/128 (seed 6603)
    budget bracket: phi(0.00)=0.5570  phi(1.57)=0.2662  want ~0.3050
    roll=1.424  skeleton phi=0.3064  +14 fillers -> phi=0.2750  void=1.24  cv=0.255  asym=2%
    rejected: largest void 1.24 mean-radii > 1.10; y-seam contact density 0.52 of interior < 0.76
  attempt 8/128 (seed 7603)
    budget bracket: phi(0.00)=0.6139  phi(1.57)=0.3028  want ~0.3050
    roll=1.522  skeleton phi=0.3018  +13 fillers -> phi=0.2749  void=1.35  cv=0.244  asym=10%
    rejected: largest void 1.35 mean-radii > 1.10; y-seam contact density 0.65 of interior < 0.76
  attempt 9/128 (seed 8603)
    budget bracket: phi(0.00)=0.5908  phi(1.57)=0.2793  want ~0.3050
    roll=1.424  skeleton phi=0.3016  +11 fillers -> phi=0.2751  void=1.19  cv=0.251  asym=6%
    rejected: largest void 1.19 mean-radii > 1.10; y-seam contact density 0.73 of interior < 0.76
  attempt 10/128 (seed 9603)
    budget bracket: phi(0.00)=0.6124  phi(1.57)=0.2595  want ~0.3050
    roll=1.276  skeleton phi=0.2974  +7 fillers -> phi=0.2750  void=1.21  cv=0.233  asym=1%
    rejected: largest void 1.21 mean-radii > 1.10; y-seam contact density 0.58 of interior < 0.76
  attempt 11/128 (seed 10603)
    budget bracket: phi(0.00)=0.5921  phi(1.57)=0.2921  want ~0.3050
    roll=1.470  skeleton phi=0.3001  +6 fillers -> phi=0.2748  void=1.59  cv=0.268  asym=13%
    rejected: largest void 1.59 mean-radii > 1.10
  attempt 12/128 (seed 11603)
    budget bracket: phi(0.00)=0.5818  phi(1.57)=0.2713  want ~0.3050
    roll=1.178  skeleton phi=0.3077  +16 fillers -> phi=0.2749  void=1.04  cv=0.223  asym=1%
    rejected: y-seam contact density 0.74 of interior < 0.76
  attempt 13/128 (seed 12603)
    budget bracket: phi(0.00)=0.5757  phi(1.57)=0.2663  want ~0.3050
    roll=1.178  skeleton phi=0.3035  +16 fillers -> phi=0.2747  void=1.09  cv=0.236  asym=5%
    rejected: y-seam contact density 0.61 of interior < 0.76
  attempt 14/128 (seed 13603)
    budget bracket: phi(0.00)=0.6264  phi(1.57)=0.2758  want ~0.3050
    roll=1.483  skeleton phi=0.3014  +12 fillers -> phi=0.2751  void=1.28  cv=0.254  asym=4%
    rejected: largest void 1.28 mean-radii > 1.10
  attempt 15/128 (seed 14603)
    budget bracket: phi(0.00)=0.6277  phi(1.57)=0.2628  want ~0.3050
    roll=1.330  skeleton phi=0.3073  +23 fillers -> phi=0.2750  void=1.00  cv=0.229  asym=1%
    rejected: y-seam contact density 0.62 of interior < 0.76
  attempt 16/128 (seed 15603)
    budget bracket: phi(0.00)=0.6055  phi(1.57)=0.2722  want ~0.3050
    roll=1.301  skeleton phi=0.3023  +9 fillers -> phi=0.2749  void=1.44  cv=0.248  asym=3%
    rejected: largest void 1.44 mean-radii > 1.10
  attempt 17/128 (seed 16603)
    budget bracket: phi(0.00)=0.5831  phi(1.57)=0.3240  want ~0.3050
    roll=1.571  skeleton phi=0.3240  +25 fillers -> phi=0.2749  void=1.02  cv=0.223  asym=3%
    rejected: y-seam contact density 0.65 of interior < 0.76
  attempt 18/128 (seed 17603)
    budget bracket: phi(0.00)=0.5823  phi(1.57)=0.3085  want ~0.3050
    roll=1.571  skeleton phi=0.3085  +17 fillers -> phi=0.2749  void=1.14  cv=0.235  asym=2%
    rejected: largest void 1.14 mean-radii > 1.10; y-seam contact density 0.50 of interior < 0.76
  attempt 19/128 (seed 18603)
    budget bracket: phi(0.00)=0.5440  phi(1.57)=0.3057  want ~0.3050
    roll=1.571  skeleton phi=0.3057  +14 fillers -> phi=0.2751  void=1.14  cv=0.226  asym=2%
    rejected: largest void 1.14 mean-radii > 1.10; y-seam contact density 0.52 of interior < 0.76
  attempt 20/128 (seed 19603)
    budget bracket: phi(0.00)=0.5784  phi(1.57)=0.2573  want ~0.3050
    roll=1.178  skeleton phi=0.3058  +15 fillers -> phi=0.2749  void=1.14  cv=0.232  asym=4%
    rejected: largest void 1.14 mean-radii > 1.10; y-seam contact density 0.49 of interior < 0.76
  attempt 21/128 (seed 20603)
    budget bracket: phi(0.00)=0.6366  phi(1.57)=0.2808  want ~0.3050
    roll=1.473  skeleton phi=0.3039  +10 fillers -> phi=0.2750  void=1.31  cv=0.239  asym=3%
    rejected: largest void 1.31 mean-radii > 1.10; y-seam contact density 0.62 of interior < 0.76
  attempt 22/128 (seed 21603)
    budget bracket: phi(0.00)=0.6016  phi(1.57)=0.2713  want ~0.3050
    roll=1.178  skeleton phi=0.3047  +16 fillers -> phi=0.2750  void=1.05  cv=0.238  asym=4%
    rejected: y-seam contact density 0.52 of interior < 0.76
  attempt 23/128 (seed 22603)
    budget bracket: phi(0.00)=0.6184  phi(1.57)=0.3520  want ~0.3050
    roll=1.571  skeleton phi=0.3520  +32 fillers -> phi=0.2748  void=1.07  cv=0.222  asym=5%
    ACCEPTED

✅ /Users/jacksonbaglino/PetIGA-3.20/projects/enceladus_DSM/inputs/packings/keff_LR40/phi0.275_Rave50um_LR40_seed603
   porosity      0.2748 (target 0.2750)
   grains        304  (272 matrix + 32 filler)
   mean radius   50.40 um (requested 50.00)
   largest void  1.07 mean radii (gate 1.10)
   density cv    0.222 (gate 0.273)
   coordination  1.97
   half-domain   4.7% asymmetry (x 1.8, y 4.7; gate 22)
   rows written  337 (33 edge images)  -> /Users/jacksonbaglino/PetIGA-3.20/projects/enceladus_DSM/inputs/packings/keff_LR40/phi0.275_Rave50um_LR40_seed603/grains.dat
