  gates for target phi=0.425:  max_void_ratio 1.81   local_density_cv 0.497   asymmetry 22%
Gravity-style packing: 2.000 x 2.000 mm, target phi=0.425, mean r=50.0 um, sigma_ln=0.5, periodic=xy
  attempt 1/128 (seed 803)
    budget bracket: phi(0.00)=0.6115  phi(1.57)=0.2853  want ~0.4550
    roll=0.540  skeleton phi=0.4561  +17 fillers -> phi=0.4253  void=1.53  cv=0.419  asym=3%
    rejected: solid does not percolate (x=True, y=False); y-seam contact density 0.42 of interior < 0.76
  attempt 2/128 (seed 1803)
    budget bracket: phi(0.00)=0.5933  phi(1.57)=0.3077  want ~0.4550
    roll=0.736  skeleton phi=0.4586  +16 fillers -> phi=0.4251  void=1.71  cv=0.446  asym=13%
    rejected: solid does not percolate (x=False, y=True); y-seam contact density 0.57 of interior < 0.76
  attempt 3/128 (seed 2803)
    budget bracket: phi(0.00)=0.6456  phi(1.57)=0.3126  want ~0.4550
    roll=0.712  skeleton phi=0.4526  +8 fillers -> phi=0.4251  void=2.09  cv=0.468  asym=8%
    rejected: largest void 2.09 mean-radii > 1.81; solid does not percolate (x=True, y=False)
  attempt 4/128 (seed 3803)
    budget bracket: phi(0.00)=0.5960  phi(1.57)=0.3147  want ~0.4550
    roll=0.603  skeleton phi=0.4579  +14 fillers -> phi=0.4252  void=1.78  cv=0.460  asym=3%
    rejected: y-seam contact density 0.60 of interior < 0.76
  attempt 5/128 (seed 4803)
    budget bracket: phi(0.00)=0.6542  phi(1.57)=0.2882  want ~0.4550
    roll=0.657  skeleton phi=0.4567  +6 fillers -> phi=0.4248  void=2.20  cv=0.464  asym=20%
    rejected: largest void 2.20 mean-radii > 1.81; y-seam contact density 0.64 of interior < 0.76
  attempt 6/128 (seed 5803)
    budget bracket: phi(0.00)=0.5715  phi(1.57)=0.2937  want ~0.4550
    roll=0.583  skeleton phi=0.4563  +22 fillers -> phi=0.4250  void=1.57  cv=0.443  asym=8%
    rejected: y-seam contact density 0.52 of interior < 0.76
  attempt 7/128 (seed 6803)
    budget bracket: phi(0.00)=0.5627  phi(1.57)=0.2981  want ~0.4550
    roll=0.736  skeleton phi=0.4576  +18 fillers -> phi=0.4249  void=1.94  cv=0.487  asym=10%
    rejected: largest void 1.94 mean-radii > 1.81; y-seam contact density 0.70 of interior < 0.76
  attempt 8/128 (seed 7803)
    budget bracket: phi(0.00)=0.5758  phi(1.57)=0.2960  want ~0.4550
    roll=0.749  skeleton phi=0.4600  +13 fillers -> phi=0.4251  void=1.98  cv=0.461  asym=1%
    rejected: largest void 1.98 mean-radii > 1.81; y-seam contact density 0.67 of interior < 0.76
  attempt 9/128 (seed 8803)
    budget bracket: phi(0.00)=0.6100  phi(1.57)=0.2873  want ~0.4550
    roll=0.773  skeleton phi=0.4590  +12 fillers -> phi=0.4249  void=1.88  cv=0.454  asym=6%
    rejected: largest void 1.88 mean-radii > 1.81; y-seam contact density 0.46 of interior < 0.76
  attempt 10/128 (seed 9803)
    budget bracket: phi(0.00)=0.5619  phi(1.57)=0.2766  want ~0.4550
    roll=0.531  skeleton phi=0.4590  +18 fillers -> phi=0.4251  void=1.62  cv=0.438  asym=8%
    rejected: y-seam contact density 0.32 of interior < 0.76
  attempt 11/128 (seed 10803)
    budget bracket: phi(0.00)=0.5996  phi(1.57)=0.3249  want ~0.4550
    roll=0.742  skeleton phi=0.4518  +10 fillers -> phi=0.4250  void=1.96  cv=0.460  asym=7%
    rejected: largest void 1.96 mean-radii > 1.81; y-seam contact density 0.56 of interior < 0.76
  attempt 12/128 (seed 11803)
    budget bracket: phi(0.00)=0.5879  phi(1.57)=0.2736  want ~0.4550
    roll=0.571  skeleton phi=0.4568  +17 fillers -> phi=0.4249  void=1.72  cv=0.427  asym=13%
    rejected: solid does not percolate (x=False, y=True); y-seam contact density 0.35 of interior < 0.76
  attempt 13/128 (seed 12803)
    budget bracket: phi(0.00)=0.5600  phi(1.57)=0.2831  want ~0.4550
    roll=0.589  skeleton phi=0.4579  +16 fillers -> phi=0.4249  void=1.68  cv=0.425  asym=4%
    rejected: y-seam contact density 0.58 of interior < 0.76
  attempt 14/128 (seed 13803)
    budget bracket: phi(0.00)=0.6752  phi(1.57)=0.3125  want ~0.4550
    roll=0.767  skeleton phi=0.4662  +18 fillers -> phi=0.4250  void=1.74  cv=0.458  asym=7%
    ACCEPTED

✅ /Users/jacksonbaglino/PetIGA-3.20/projects/enceladus_DSM/inputs/packings/keff_LR40/phi0.425_Rave50um_LR40_seed803
   porosity      0.4250 (target 0.4250)
   grains        266  (248 matrix + 18 filler)
   mean radius   47.94 um (requested 50.00)
   largest void  1.74 mean radii (gate 1.81)
   density cv    0.458 (gate 0.497)
   coordination  1.89
   half-domain   6.5% asymmetry (x 4.1, y 6.5; gate 22)
   rows written  288 (22 edge images)  -> /Users/jacksonbaglino/PetIGA-3.20/projects/enceladus_DSM/inputs/packings/keff_LR40/phi0.425_Rave50um_LR40_seed803/grains.dat
