  gates for target phi=0.425:  max_void_ratio 99.00   local_density_cv 99.000   asymmetry 9900%
Gravity-style packing: 2.000 x 2.000 mm, target phi=0.425, mean r=50.0 um, sigma_ln=0.5, periodic=xy
  attempt 1/128 (seed 1905)
    budget bracket: phi(0.00)=0.5541  phi(1.57)=0.3454  want ~0.4550
    roll=0.908  skeleton phi=0.4512  +9 fillers -> phi=0.4250  void=2.39  cv=0.507  asym=7%
    rejected: y-seam contact density 0.59 of interior < 0.76
  attempt 2/128 (seed 2905)
    budget bracket: phi(0.00)=0.5713  phi(1.57)=0.2820  want ~0.4550
    roll=0.657  skeleton phi=0.4471  +6 fillers -> phi=0.4249  void=2.13  cv=0.456  asym=2%
    rejected: y-seam contact density 0.46 of interior < 0.76
  attempt 3/128 (seed 3905)
    budget bracket: phi(0.00)=0.5992  phi(1.57)=0.2718  want ~0.4550
    roll=0.687  skeleton phi=0.4584  +21 fillers -> phi=0.4252  void=1.64  cv=0.461  asym=8%
    rejected: solid does not percolate (x=False, y=False)
  attempt 4/128 (seed 4905)
    budget bracket: phi(0.00)=0.6073  phi(1.57)=0.2796  want ~0.4550
    roll=0.695  skeleton phi=0.4533  +7 fillers -> phi=0.4250  void=2.06  cv=0.466  asym=14%
    ACCEPTED

✅ /Users/jacksonbaglino/PetIGA-3.20/projects/enceladus_DSM/inputs/packings/keff_LR40/phi0.425_Rave50um_LR40_seed1905
   porosity      0.4250 (target 0.4250)
   grains        246  (239 matrix + 7 filler)
   mean radius   49.82 um (requested 50.00)
   largest void  2.06 mean radii (gate 99.00)
   density cv    0.466 (gate 99.000)
   coordination  1.97
   half-domain   14.5% asymmetry (x 14.5, y 5.1; gate 9900)
   rows written  274 (28 edge images)  -> /Users/jacksonbaglino/PetIGA-3.20/projects/enceladus_DSM/inputs/packings/keff_LR40/phi0.425_Rave50um_LR40_seed1905/grains.dat
